---
source: tests-integration/tests/lsp/generated.rs
assertion_line: 12
expression: report
---
Completion at Position { line: 2, character: 14 }

```
type Test1 = M
--            ^
```

╭─────────┬────────────────────────┬─────────────────────┬────────────────────┬───────────────┬──────────────┬───────────────────────────────╮
│  label  │  label_detail          │  label_description  │  sort_text         │  filter_text  │  text_edit   │  additional_text_edits        │
├─────────┼────────────────────────┼─────────────────────┼────────────────────┼───────────────┼──────────────┼───────────────────────────────┤
│  Mul    │   (import Prim.Int)    │  Prim.Int           │  Prim.Int.Mul      │  Mul          │  2:13..2:14  │  1:0..1:0                     │
│         │                        │                     │                    │               │  Mul         │  import Prim.Int (class Mul)  │
├─────────┼────────────────────────┼─────────────────────┼────────────────────┼───────────────┼──────────────┼───────────────────────────────┤
│  Maybe  │   (import Data.Maybe)  │  Data.Maybe         │  Data.Maybe.Maybe  │  Maybe        │  2:13..2:14  │  1:0..1:0                     │
│         │                        │                     │                    │               │  Maybe       │  import Data.Maybe (Maybe)    │
╰─────────┴────────────────────────┴─────────────────────┴────────────────────┴───────────────┴──────────────┴───────────────────────────────╯


CompletionCached at Position { line: 5, character: 14 }

```
type Test2 = M
--            ~
```

╭─────────┬────────────────────────┬─────────────────────┬────────────────────┬───────────────┬──────────────┬───────────────────────────────╮
│  label  │  label_detail          │  label_description  │  sort_text         │  filter_text  │  text_edit   │  additional_text_edits        │
├─────────┼────────────────────────┼─────────────────────┼────────────────────┼───────────────┼──────────────┼───────────────────────────────┤
│  Mul    │   (import Prim.Int)    │  Prim.Int           │  Prim.Int.Mul      │  Mul          │  5:13..5:14  │  1:0..1:0                     │
│         │                        │                     │                    │               │  Mul         │  import Prim.Int (class Mul)  │
├─────────┼────────────────────────┼─────────────────────┼────────────────────┼───────────────┼──────────────┼───────────────────────────────┤
│  Maybe  │   (import Data.Maybe)  │  Data.Maybe         │  Data.Maybe.Maybe  │  Maybe        │  5:13..5:14  │  1:0..1:0                     │
│         │                        │                     │                    │               │  Maybe       │  import Data.Maybe (Maybe)    │
╰─────────┴────────────────────────┴─────────────────────┴────────────────────┴───────────────┴──────────────┴───────────────────────────────╯


Completion at Position { line: 8, character: 9 }

```
test1 = J
--       ^
```

╭─────────┬────────────────────────┬─────────────────────┬───────────────────┬───────────────┬─────────────┬─────────────────────────────────╮
│  label  │  label_detail          │  label_description  │  sort_text        │  filter_text  │  text_edit  │  additional_text_edits          │
├─────────┼────────────────────────┼─────────────────────┼───────────────────┼───────────────┼─────────────┼─────────────────────────────────┤
│  Just   │   (import Data.Maybe)  │  Data.Maybe         │  Data.Maybe.Just  │  Just         │  8:8..8:9   │  1:0..1:0                       │
│         │                        │                     │                   │               │  Just       │  import Data.Maybe (Maybe(..))  │
╰─────────┴────────────────────────┴─────────────────────┴───────────────────┴───────────────┴─────────────┴─────────────────────────────────╯


CompletionCached at Position { line: 11, character: 9 }

```
test2 = J
--       ~
```

╭─────────┬────────────────────────┬─────────────────────┬───────────────────┬───────────────┬──────────────┬─────────────────────────────────╮
│  label  │  label_detail          │  label_description  │  sort_text        │  filter_text  │  text_edit   │  additional_text_edits          │
├─────────┼────────────────────────┼─────────────────────┼───────────────────┼───────────────┼──────────────┼─────────────────────────────────┤
│  Just   │   (import Data.Maybe)  │  Data.Maybe         │  Data.Maybe.Just  │  Just         │  11:8..11:9  │  1:0..1:0                       │
│         │                        │                     │                   │               │  Just        │  import Data.Maybe (Maybe(..))  │
╰─────────┴────────────────────────┴─────────────────────┴───────────────────┴───────────────┴──────────────┴─────────────────────────────────╯


Completion at Position { line: 14, character: 19 }

```
qual1 = Data.Maybe.
--                 ^
```

╭─────────────┬──────────────────────────────────────┬─────────────────────┬────────────────────────┬────────────────────────┬────────────────────────┬───────────────────────────────────╮
│  label      │  label_detail                        │  label_description  │  sort_text             │  filter_text           │  text_edit             │  additional_text_edits            │
├─────────────┼──────────────────────────────────────┼─────────────────────┼────────────────────────┼────────────────────────┼────────────────────────┼───────────────────────────────────┤
│  fromMaybe  │   (import Data.Maybe as Data.Maybe)  │  Data.Maybe         │  Data.Maybe.fromMaybe  │  Data.Maybe.fromMaybe  │  14:8..14:19           │  1:0..1:0                         │
│             │                                      │                     │                        │                        │  Data.Maybe.fromMaybe  │  import Data.Maybe as Data.Maybe  │
├─────────────┼──────────────────────────────────────┼─────────────────────┼────────────────────────┼────────────────────────┼────────────────────────┼───────────────────────────────────┤
│  Just       │   (import Data.Maybe as Data.Maybe)  │  Data.Maybe         │  Data.Maybe.Just       │  Data.Maybe.Just       │  14:8..14:19           │  1:0..1:0                         │
│             │                                      │                     │                        │                        │  Data.Maybe.Just       │  import Data.Maybe as Data.Maybe  │
├─────────────┼──────────────────────────────────────┼─────────────────────┼────────────────────────┼────────────────────────┼────────────────────────┼───────────────────────────────────┤
│  Nothing    │   (import Data.Maybe as Data.Maybe)  │  Data.Maybe         │  Data.Maybe.Nothing    │  Data.Maybe.Nothing    │  14:8..14:19           │  1:0..1:0                         │
│             │                                      │                     │                        │                        │  Data.Maybe.Nothing    │  import Data.Maybe as Data.Maybe  │
├─────────────┼──────────────────────────────────────┼─────────────────────┼────────────────────────┼────────────────────────┼────────────────────────┼───────────────────────────────────┤
│  maybe      │   (import Data.Maybe as Data.Maybe)  │  Data.Maybe         │  Data.Maybe.maybe      │  Data.Maybe.maybe      │  14:8..14:19           │  1:0..1:0                         │
│             │                                      │                     │                        │                        │  Data.Maybe.maybe      │  import Data.Maybe as Data.Maybe  │
╰─────────────┴──────────────────────────────────────┴─────────────────────┴────────────────────────┴────────────────────────┴────────────────────────┴───────────────────────────────────╯


CompletionCached at Position { line: 17, character: 19 }

```
qual2 = Data.Maybe.
--                 ~
```

╭─────────────┬──────────────────────────────────────┬─────────────────────┬────────────────────────┬────────────────────────┬────────────────────────┬───────────────────────────────────╮
│  label      │  label_detail                        │  label_description  │  sort_text             │  filter_text           │  text_edit             │  additional_text_edits            │
├─────────────┼──────────────────────────────────────┼─────────────────────┼────────────────────────┼────────────────────────┼────────────────────────┼───────────────────────────────────┤
│  fromMaybe  │   (import Data.Maybe as Data.Maybe)  │  Data.Maybe         │  Data.Maybe.fromMaybe  │  Data.Maybe.fromMaybe  │  17:8..17:19           │  1:0..1:0                         │
│             │                                      │                     │                        │                        │  Data.Maybe.fromMaybe  │  import Data.Maybe as Data.Maybe  │
├─────────────┼──────────────────────────────────────┼─────────────────────┼────────────────────────┼────────────────────────┼────────────────────────┼───────────────────────────────────┤
│  Just       │   (import Data.Maybe as Data.Maybe)  │  Data.Maybe         │  Data.Maybe.Just       │  Data.Maybe.Just       │  17:8..17:19           │  1:0..1:0                         │
│             │                                      │                     │                        │                        │  Data.Maybe.Just       │  import Data.Maybe as Data.Maybe  │
├─────────────┼──────────────────────────────────────┼─────────────────────┼────────────────────────┼────────────────────────┼────────────────────────┼───────────────────────────────────┤
│  Nothing    │   (import Data.Maybe as Data.Maybe)  │  Data.Maybe         │  Data.Maybe.Nothing    │  Data.Maybe.Nothing    │  17:8..17:19           │  1:0..1:0                         │
│             │                                      │                     │                        │                        │  Data.Maybe.Nothing    │  import Data.Maybe as Data.Maybe  │
├─────────────┼──────────────────────────────────────┼─────────────────────┼────────────────────────┼────────────────────────┼────────────────────────┼───────────────────────────────────┤
│  maybe      │   (import Data.Maybe as Data.Maybe)  │  Data.Maybe         │  Data.Maybe.maybe      │  Data.Maybe.maybe      │  17:8..17:19           │  1:0..1:0                         │
│             │                                      │                     │                        │                        │  Data.Maybe.maybe      │  import Data.Maybe as Data.Maybe  │
╰─────────────┴──────────────────────────────────────┴─────────────────────┴────────────────────────┴────────────────────────┴────────────────────────┴───────────────────────────────────╯


Completion at Position { line: 20, character: 24 }

```
type Qual1 = Data.Maybe.
--                      ^
```

╭──────────────┬──────────────────────────────────────────┬─────────────────────┬─────────────────────────────┬─────────────────────────┬─────────────────────────┬───────────────────────────────────────╮
│  label       │  label_detail                            │  label_description  │  sort_text                  │  filter_text            │  text_edit              │  additional_text_edits                │
├──────────────┼──────────────────────────────────────────┼─────────────────────┼─────────────────────────────┼─────────────────────────┼─────────────────────────┼───────────────────────────────────────┤
│  Cons        │   (import Prim.Symbol as Data.Maybe)     │  Prim.Symbol        │  Prim.Symbol.Cons           │  Data.Maybe.Cons        │  20:13..20:24           │  1:0..1:0                             │
│              │                                          │                     │                             │                         │  Data.Maybe.Cons        │  import Prim.Symbol as Data.Maybe     │
├──────────────┼──────────────────────────────────────────┼─────────────────────┼─────────────────────────────┼─────────────────────────┼─────────────────────────┼───────────────────────────────────────┤
│  Append      │   (import Prim.Symbol as Data.Maybe)     │  Prim.Symbol        │  Prim.Symbol.Append         │  Data.Maybe.Append      │  20:13..20:24           │  1:0..1:0                             │
│              │                                          │                     │                             │                         │  Data.Maybe.Append      │  import Prim.Symbol as Data.Maybe     │
├──────────────┼──────────────────────────────────────────┼─────────────────────┼─────────────────────────────┼─────────────────────────┼─────────────────────────┼───────────────────────────────────────┤
│  Compare     │   (import Prim.Symbol as Data.Maybe)     │  Prim.Symbol        │  Prim.Symbol.Compare        │  Data.Maybe.Compare     │  20:13..20:24           │  1:0..1:0                             │
│              │                                          │                     │                             │                         │  Data.Maybe.Compare     │  import Prim.Symbol as Data.Maybe     │
├──────────────┼──────────────────────────────────────────┼─────────────────────┼─────────────────────────────┼─────────────────────────┼─────────────────────────┼───────────────────────────────────────┤
│  Text        │   (import Prim.TypeError as Data.Maybe)  │  Prim.TypeError     │  Prim.TypeError.Text        │  Data.Maybe.Text        │  20:13..20:24           │  1:0..1:0                             │
│              │                                          │                     │                             │                         │  Data.Maybe.Text        │  import Prim.TypeError as Data.Maybe  │
├──────────────┼──────────────────────────────────────────┼─────────────────────┼─────────────────────────────┼─────────────────────────┼─────────────────────────┼───────────────────────────────────────┤
│  Above       │   (import Prim.TypeError as Data.Maybe)  │  Prim.TypeError     │  Prim.TypeError.Above       │  Data.Maybe.Above       │  20:13..20:24           │  1:0..1:0                             │
│              │                                          │                     │                             │                         │  Data.Maybe.Above       │  import Prim.TypeError as Data.Maybe  │
├──────────────┼──────────────────────────────────────────┼─────────────────────┼─────────────────────────────┼─────────────────────────┼─────────────────────────┼───────────────────────────────────────┤
│  Beside      │   (import Prim.TypeError as Data.Maybe)  │  Prim.TypeError     │  Prim.TypeError.Beside      │  Data.Maybe.Beside      │  20:13..20:24           │  1:0..1:0                             │
│              │                                          │                     │                             │                         │  Data.Maybe.Beside      │  import Prim.TypeError as Data.Maybe  │
├──────────────┼──────────────────────────────────────────┼─────────────────────┼─────────────────────────────┼─────────────────────────┼─────────────────────────┼───────────────────────────────────────┤
│  Quote       │   (import Prim.TypeError as Data.Maybe)  │  Prim.TypeError     │  Prim.TypeError.Quote       │  Data.Maybe.Quote       │  20:13..20:24           │  1:0..1:0                             │
│              │                                          │                     │                             │                         │  Data.Maybe.Quote       │  import Prim.TypeError as Data.Maybe  │
├──────────────┼──────────────────────────────────────────┼─────────────────────┼─────────────────────────────┼─────────────────────────┼─────────────────────────┼───────────────────────────────────────┤
│  QuoteLabel  │   (import Prim.TypeError as Data.Maybe)  │  Prim.TypeError     │  Prim.TypeError.QuoteLabel  │  Data.Maybe.QuoteLabel  │  20:13..20:24           │  1:0..1:0                             │
│              │                                          │                     │                             │                         │  Data.Maybe.QuoteLabel  │  import Prim.TypeError as Data.Maybe  │
├──────────────┼──────────────────────────────────────────┼─────────────────────┼─────────────────────────────┼─────────────────────────┼─────────────────────────┼───────────────────────────────────────┤
│  Doc         │   (import Prim.TypeError as Data.Maybe)  │  Prim.TypeError     │  Prim.TypeError.Doc         │  Data.Maybe.Doc         │  20:13..20:24           │  1:0..1:0                             │
│              │                                          │                     │                             │                         │  Data.Maybe.Doc         │  import Prim.TypeError as Data.Maybe  │
├──────────────┼──────────────────────────────────────────┼─────────────────────┼─────────────────────────────┼─────────────────────────┼─────────────────────────┼───────────────────────────────────────┤
│  Fail        │   (import Prim.TypeError as Data.Maybe)  │  Prim.TypeError     │  Prim.TypeError.Fail        │  Data.Maybe.Fail        │  20:13..20:24           │  1:0..1:0                             │
│              │                                          │                     │                             │                         │  Data.Maybe.Fail        │  import Prim.TypeError as Data.Maybe  │
├──────────────┼──────────────────────────────────────────┼─────────────────────┼─────────────────────────────┼─────────────────────────┼─────────────────────────┼───────────────────────────────────────┤
│  Warn        │   (import Prim.TypeError as Data.Maybe)  │  Prim.TypeError     │  Prim.TypeError.Warn        │  Data.Maybe.Warn        │  20:13..20:24           │  1:0..1:0                             │
│              │                                          │                     │                             │                         │  Data.Maybe.Warn        │  import Prim.TypeError as Data.Maybe  │
├──────────────┼──────────────────────────────────────────┼─────────────────────┼─────────────────────────────┼─────────────────────────┼─────────────────────────┼───────────────────────────────────────┤
│  Maybe       │   (import Data.Maybe as Data.Maybe)      │  Data.Maybe         │  Data.Maybe.Maybe           │  Data.Maybe.Maybe       │  20:13..20:24           │  1:0..1:0                             │
│              │                                          │                     │                             │                         │  Data.Maybe.Maybe       │  import Data.Maybe as Data.Maybe      │
╰──────────────┴──────────────────────────────────────────┴─────────────────────┴─────────────────────────────┴─────────────────────────┴─────────────────────────┴───────────────────────────────────────╯


CompletionCached at Position { line: 23, character: 24 }

```
type Qual2 = Data.Maybe.
--                      ~
```

╭──────────────┬──────────────────────────────────────────┬─────────────────────┬─────────────────────────────┬─────────────────────────┬─────────────────────────┬───────────────────────────────────────╮
│  label       │  label_detail                            │  label_description  │  sort_text                  │  filter_text            │  text_edit              │  additional_text_edits                │
├──────────────┼──────────────────────────────────────────┼─────────────────────┼─────────────────────────────┼─────────────────────────┼─────────────────────────┼───────────────────────────────────────┤
│  Cons        │   (import Prim.Symbol as Data.Maybe)     │  Prim.Symbol        │  Prim.Symbol.Cons           │  Data.Maybe.Cons        │  23:13..23:24           │  1:0..1:0                             │
│              │                                          │                     │                             │                         │  Data.Maybe.Cons        │  import Prim.Symbol as Data.Maybe     │
├──────────────┼──────────────────────────────────────────┼─────────────────────┼─────────────────────────────┼─────────────────────────┼─────────────────────────┼───────────────────────────────────────┤
│  Append      │   (import Prim.Symbol as Data.Maybe)     │  Prim.Symbol        │  Prim.Symbol.Append         │  Data.Maybe.Append      │  23:13..23:24           │  1:0..1:0                             │
│              │                                          │                     │                             │                         │  Data.Maybe.Append      │  import Prim.Symbol as Data.Maybe     │
├──────────────┼──────────────────────────────────────────┼─────────────────────┼─────────────────────────────┼─────────────────────────┼─────────────────────────┼───────────────────────────────────────┤
│  Compare     │   (import Prim.Symbol as Data.Maybe)     │  Prim.Symbol        │  Prim.Symbol.Compare        │  Data.Maybe.Compare     │  23:13..23:24           │  1:0..1:0                             │
│              │                                          │                     │                             │                         │  Data.Maybe.Compare     │  import Prim.Symbol as Data.Maybe     │
├──────────────┼──────────────────────────────────────────┼─────────────────────┼─────────────────────────────┼─────────────────────────┼─────────────────────────┼───────────────────────────────────────┤
│  Text        │   (import Prim.TypeError as Data.Maybe)  │  Prim.TypeError     │  Prim.TypeError.Text        │  Data.Maybe.Text        │  23:13..23:24           │  1:0..1:0                             │
│              │                                          │                     │                             │                         │  Data.Maybe.Text        │  import Prim.TypeError as Data.Maybe  │
├──────────────┼──────────────────────────────────────────┼─────────────────────┼─────────────────────────────┼─────────────────────────┼─────────────────────────┼───────────────────────────────────────┤
│  Above       │   (import Prim.TypeError as Data.Maybe)  │  Prim.TypeError     │  Prim.TypeError.Above       │  Data.Maybe.Above       │  23:13..23:24           │  1:0..1:0                             │
│              │                                          │                     │                             │                         │  Data.Maybe.Above       │  import Prim.TypeError as Data.Maybe  │
├──────────────┼──────────────────────────────────────────┼─────────────────────┼─────────────────────────────┼─────────────────────────┼─────────────────────────┼───────────────────────────────────────┤
│  Beside      │   (import Prim.TypeError as Data.Maybe)  │  Prim.TypeError     │  Prim.TypeError.Beside      │  Data.Maybe.Beside      │  23:13..23:24           │  1:0..1:0                             │
│              │                                          │                     │                             │                         │  Data.Maybe.Beside      │  import Prim.TypeError as Data.Maybe  │
├──────────────┼──────────────────────────────────────────┼─────────────────────┼─────────────────────────────┼─────────────────────────┼─────────────────────────┼───────────────────────────────────────┤
│  Quote       │   (import Prim.TypeError as Data.Maybe)  │  Prim.TypeError     │  Prim.TypeError.Quote       │  Data.Maybe.Quote       │  23:13..23:24           │  1:0..1:0                             │
│              │                                          │                     │                             │                         │  Data.Maybe.Quote       │  import Prim.TypeError as Data.Maybe  │
├──────────────┼──────────────────────────────────────────┼─────────────────────┼─────────────────────────────┼─────────────────────────┼─────────────────────────┼───────────────────────────────────────┤
│  QuoteLabel  │   (import Prim.TypeError as Data.Maybe)  │  Prim.TypeError     │  Prim.TypeError.QuoteLabel  │  Data.Maybe.QuoteLabel  │  23:13..23:24           │  1:0..1:0                             │
│              │                                          │                     │                             │                         │  Data.Maybe.QuoteLabel  │  import Prim.TypeError as Data.Maybe  │
├──────────────┼──────────────────────────────────────────┼─────────────────────┼─────────────────────────────┼─────────────────────────┼─────────────────────────┼───────────────────────────────────────┤
│  Doc         │   (import Prim.TypeError as Data.Maybe)  │  Prim.TypeError     │  Prim.TypeError.Doc         │  Data.Maybe.Doc         │  23:13..23:24           │  1:0..1:0                             │
│              │                                          │                     │                             │                         │  Data.Maybe.Doc         │  import Prim.TypeError as Data.Maybe  │
├──────────────┼──────────────────────────────────────────┼─────────────────────┼─────────────────────────────┼─────────────────────────┼─────────────────────────┼───────────────────────────────────────┤
│  Fail        │   (import Prim.TypeError as Data.Maybe)  │  Prim.TypeError     │  Prim.TypeError.Fail        │  Data.Maybe.Fail        │  23:13..23:24           │  1:0..1:0                             │
│              │                                          │                     │                             │                         │  Data.Maybe.Fail        │  import Prim.TypeError as Data.Maybe  │
├──────────────┼──────────────────────────────────────────┼─────────────────────┼─────────────────────────────┼─────────────────────────┼─────────────────────────┼───────────────────────────────────────┤
│  Warn        │   (import Prim.TypeError as Data.Maybe)  │  Prim.TypeError     │  Prim.TypeError.Warn        │  Data.Maybe.Warn        │  23:13..23:24           │  1:0..1:0                             │
│              │                                          │                     │                             │                         │  Data.Maybe.Warn        │  import Prim.TypeError as Data.Maybe  │
├──────────────┼──────────────────────────────────────────┼─────────────────────┼─────────────────────────────┼─────────────────────────┼─────────────────────────┼───────────────────────────────────────┤
│  Maybe       │   (import Data.Maybe as Data.Maybe)      │  Data.Maybe         │  Data.Maybe.Maybe           │  Data.Maybe.Maybe       │  23:13..23:24           │  1:0..1:0                             │
│              │                                          │                     │                             │                         │  Data.Maybe.Maybe       │  import Data.Maybe as Data.Maybe      │
╰──────────────┴──────────────────────────────────────────┴─────────────────────┴─────────────────────────────┴─────────────────────────┴─────────────────────────┴───────────────────────────────────────╯
