---
source: tests-integration/tests/checking/generated.rs
assertion_line: 28
expression: report
---
Terms
singleton ::
  forall (@f :: Type -> Type) (a :: Type).
    Build (f :: Type -> Type) => (a :: Type) -> (f :: Type -> Type) (a :: Type)
produce ::
  forall (@f :: Type -> Type) (a :: Type) (b :: Type).
    Build (f :: Type -> Type) =>
    ((b :: Type) -> (a :: Type)) -> (b :: Type) -> (f :: Type -> Type) (a :: Type)
identity :: forall (a :: Type). (a :: Type) -> (a :: Type)
test ::
  forall (f :: Type -> Type).
    Build (f :: Type -> Type) => Boolean -> Boolean -> (f :: Type -> Type) Boolean

Types
Build :: (Type -> Type) -> Constraint

Classes
class forall (f :: Type -> Type). Build (f :: Type -> Type)
  singleton ::
  forall (@f :: Type -> Type) (a :: Type).
    Build (f :: Type -> Type) => (a :: Type) -> (f :: Type -> Type) (a :: Type)
  produce ::
  forall (@f :: Type -> Type) (a :: Type) (b :: Type).
    Build (f :: Type -> Type) =>
    ((b :: Type) -> (a :: Type)) -> (b :: Type) -> (f :: Type -> Type) (a :: Type)
