---
source: tests-integration/tests/checking/generated.rs
expression: report
---
Terms
WrongFirst ::
  forall (a :: Type) (b :: Type). (a :: Type) -> (b :: Type) -> WrongFirst (a :: Type) (b :: Type)
WrongSecond ::
  forall (a :: Type) (b :: Type).
    ((b :: Type) -> (a :: Type)) -> WrongSecond (a :: Type) (b :: Type)

Types
WrongFirst :: Type -> Type -> Type
WrongSecond :: Type -> Type -> Type

Data
WrongFirst
  Quantified = :0
  Kind = :0

WrongSecond
  Quantified = :0
  Kind = :0


Roles
WrongFirst = [Representational, Representational]
WrongSecond = [Representational, Representational]

Derived
derive Profunctor (WrongFirst :: Type -> Type -> Type)
derive Profunctor (WrongSecond :: Type -> Type -> Type)

Diagnostics
error[CovariantOccurrence] at 151..188: Type variable occurs in covariant position: (~&0 :: Type)
error[ContravariantOccurrence] at 291..329: Type variable occurs in contravariant position: (~&1 :: Type)
error[CovariantOccurrence] at 291..329: Type variable occurs in covariant position: (~&0 :: Type)
