---
source: tests-integration/tests/checking/generated.rs
expression: report
---
Terms
MkAdd ::
  forall (t1 :: Type) (t3 :: Type) (a :: (t1 :: Type)) (b :: (t3 :: Type)).
    (a :: (t1 :: Type)) + (b :: (t3 :: Type)) ->
    Add @(t1 :: Type) @(t3 :: Type) (a :: (t1 :: Type)) (b :: (t3 :: Type))

Types
Add :: forall (t1 :: Type) (t3 :: Type). (t1 :: Type) -> (t3 :: Type) -> Type
+ :: forall (t1 :: Type) (t3 :: Type). (t1 :: Type) -> (t3 :: Type) -> Type

Data
Add
  Quantified = :2
  Kind = :0


Roles
Add = [Representational, Representational]
