---
source: crates/lowering/tests/concrete.rs
expression: "&lower.source_map"
snapshot_kind: text
---
SourceMap {
    types: {},
    binders: {
        AstPtr {
            raw: SyntaxNodePtr {
                kind: BinderVariable,
                range: 23..24,
            },
        }: Variable {
            name: Some(
                "a",
            ),
        },
        AstPtr {
            raw: SyntaxNodePtr {
                kind: BinderParenthesized,
                range: 21..25,
            },
        }: Parenthesized {
            binder: Some(
                Id<syntax::cst::Binder>(0),
            ),
        },
    },
    expressions: {
        AstPtr {
            raw: SyntaxNodePtr {
                kind: ExpressionVariable,
                range: 27..29,
            },
        }: Variable {
            qualifier: None,
            name: Some(
                "a",
            ),
        },
    },
    let_bindings: {},
    let_bindings_grouped: [],
}
