---
source: tests-integration/tests/checking/generated.rs
expression: report
---
Terms
test1 :: { x :: Int, y :: Int } -> Int
test1' :: forall (t16 :: Type) (t17 :: Type). { x :: t17, y :: t16 } -> t17
test2 :: { x :: Int, y :: String } -> { x :: Int, y :: String }
test2' :: forall (t21 :: Type) (t22 :: Type). { x :: t21, y :: t22 } -> { x :: t21, y :: t22 }
test3 :: { age :: Int, name :: String } -> String
test3' :: forall (t28 :: Type) (t29 :: Type). { age :: t28, name :: t29 } -> t29
nested :: { inner :: { x :: Int } } -> Int
nested' :: forall (t33 :: Type). { inner :: { x :: t33 } } -> t33

Types
