---
source: tests-integration/tests/checking/generated.rs
assertion_line: 28
expression: report
---
Terms
test1 :: { x :: Int, y :: Int } -> Int
test1' ::
  forall (t12 :: Type) (t13 :: Row Type) (t14 :: Type).
    { x :: (t14 :: Type), y :: (t12 :: Type) | (t13 :: Row Type) } -> (t14 :: Type)
test2 :: { x :: Int, y :: String } -> { x :: Int, y :: String }
test2' ::
  forall (t20 :: Type) (t21 :: Type) (t22 :: Row Type).
    { x :: (t20 :: Type), y :: (t21 :: Type) | (t22 :: Row Type) } ->
    { x :: (t20 :: Type), y :: (t21 :: Type) }
test3 :: { age :: Int, name :: String } -> String
test3' ::
  forall (t30 :: Type) (t31 :: Row Type) (t32 :: Type).
    { age :: (t30 :: Type), name :: (t32 :: Type) | (t31 :: Row Type) } -> (t32 :: Type)
nested :: { inner :: { x :: Int } } -> Int
nested' ::
  forall (t40 :: Row Type) (t41 :: Row Type) (t42 :: Type).
    { inner :: { x :: (t42 :: Type) | (t40 :: Row Type) } | (t41 :: Row Type) } -> (t42 :: Type)

Types
