---
source: tests-integration/tests/resolving/generated.rs
assertion_line: 12
expression: report
---
module ClassLibrary

Unqualified Imports:

Qualified Imports:

Exported Terms:
  - compare
  - show
  - notEq
  - eq

Exported Types:

Exported Classes:
  - Show
  - Ord
  - Eq

Local Terms:
  - compare
  - show
  - notEq
  - eq

Local Types:

Local Classes:
  - Show
  - Ord
  - Eq

Class Members:
  - Show.show
  - Eq.eq
  - Eq.notEq
  - Ord.compare

Errors:
