---
source: tests-integration/tests/checking/generated.rs
expression: report
---
Terms
Proxy :: forall (k :: Type) (a :: (k :: Type)). Proxy @(k :: Type) (a :: (k :: Type))
invalid :: Compare 5 1 LT => Proxy @Ordering LT
forceSolve :: { invalid :: Proxy @Ordering LT }

Types
Proxy :: forall (k :: Type). (k :: Type) -> Type

Data
Proxy
  Quantified = :0
  Kind = :1


Roles
Proxy = [Phantom]

Diagnostics
error[InvalidImportItem] at 64..68: Cannot import item 'kind'
error[NoInstanceFound] at 199..223: No instance found for: Compare 5 1 LT
