---
source: compiler-core/parsing/tests/parser.rs
expression: "(node, errors)"
snapshot_kind: text
---
(
    Module@0..44
      ModuleHeader@0..30
        MODULE@0..6 "module"
        ModuleName@6..24
          Annotation@6..7
            TEXT@6..7 " "
          UPPER@7..24 "ExpressionSection"
        Annotation@24..25
          TEXT@24..25 " "
        WHERE@25..30 "where"
      LAYOUT_START@30..30 ""
      ModuleImports@30..30
      ModuleStatements@30..43
        ValueEquation@30..43
          Annotation@30..32
            TEXT@30..32 "\n\n"
          LOWER@32..39 "section"
          FunctionBinders@39..39
          Unconditional@39..43
            Annotation@39..40
              TEXT@39..40 " "
            EQUAL@40..41 "="
            WhereExpression@41..43
              ExpressionSection@41..43
                Annotation@41..42
                  TEXT@41..42 " "
                UNDERSCORE@42..43 "_"
      LAYOUT_END@43..43 ""
      Annotation@43..44
        TEXT@43..44 "\n"
      END_OF_FILE@44..44 ""
    ,
    [],
)
