---
source: compiler-core/parsing/tests/parser.rs
expression: "(node, errors)"
---
(
    Module@0..68
      ModuleHeader@0..35
        MODULE@0..6 "module"
        ModuleName@6..29
          Annotation@6..7
            TEXT@6..7 " "
          UPPER@7..29 "ExpressionRecordUpdate"
        Annotation@29..30
          TEXT@29..30 " "
        WHERE@30..35 "where"
      LAYOUT_START@35..35 ""
      ModuleStatements@35..67
        ValueEquation@35..67
          Annotation@35..37
            TEXT@35..37 "\n\n"
          LOWER@37..44 "example"
          Unconditional@44..67
            Annotation@44..45
              TEXT@44..45 " "
            EQUAL@45..46 "="
            WhereExpression@46..67
              ExpressionApplicationChain@46..67
                ExpressionConstructor@46..52
                  Annotation@46..47
                    TEXT@46..47 " "
                  QualifiedName@47..52
                    UPPER@47..52 "Point"
                ExpressionTermArgument@52..67
                  ExpressionRecord@52..67
                    Annotation@52..53
                      TEXT@52..53 " "
                    LEFT_CURLY@53..54 "{"
                    RecordField@54..59
                      LabelName@54..56
                        Annotation@54..55
                          TEXT@54..55 " "
                        TEXT@55..56 "x"
                      COLON@56..57 ":"
                      ExpressionInteger@57..59
                        Annotation@57..58
                          TEXT@57..58 " "
                        INTEGER@58..59 "0"
                    COMMA@59..60 ","
                    RecordField@60..65
                      LabelName@60..62
                        Annotation@60..61
                          TEXT@60..61 " "
                        TEXT@61..62 "y"
                      COLON@62..63 ":"
                      ExpressionInteger@63..65
                        Annotation@63..64
                          TEXT@63..64 " "
                        INTEGER@64..65 "1"
                    Annotation@65..66
                      TEXT@65..66 " "
                    RIGHT_CURLY@66..67 "}"
      LAYOUT_END@67..67 ""
      Annotation@67..68
        TEXT@67..68 "\n"
      END_OF_FILE@68..68 ""
    ,
    [],
)
