---
source: compiler-core/parsing/tests/parser.rs
expression: "(node, errors)"
---
(
    Module@0..90
      ModuleHeader@0..25
        MODULE@0..6 "module"
        ModuleName@6..19
          Annotation@6..7
            TEXT@6..7 " "
          UPPER@7..19 "TypePrefixed"
        Annotation@19..20
          TEXT@19..20 " "
        WHERE@20..25 "where"
      LAYOUT_START@25..25 ""
      ModuleStatements@25..89
        ValueSignature@25..55
          Annotation@25..27
            TEXT@25..27 "\n\n"
          LOWER@27..35 "prefixed"
          Annotation@35..36
            TEXT@35..36 " "
          DOUBLE_COLON@36..38 "::"
          TypeConstructor@38..55
            QualifiedName@38..55
              Annotation@38..39
                TEXT@38..39 " "
              Qualifier@39..50
                TEXT@39..50 "Data.Tuple."
              UPPER@50..55 "Tuple"
        LAYOUT_SEPARATOR@55..55 ""
        ValueSignature@55..89
          Annotation@55..56
            TEXT@55..56 "\n"
          LOWER@56..64 "prefixed"
          Annotation@64..65
            TEXT@64..65 " "
          DOUBLE_COLON@65..67 "::"
          TypeOperatorName@67..89
            QualifiedName@67..89
              Annotation@67..68
                TEXT@67..68 " "
              Qualifier@68..86
                TEXT@68..86 "Data.Tuple.Nested."
              OPERATOR_NAME@86..89 "(/)"
      LAYOUT_END@89..89 ""
      Annotation@89..90
        TEXT@89..90 "\n"
      END_OF_FILE@90..90 ""
    ,
    [],
)
