---
source: compiler-core/parsing/tests/parser.rs
expression: "(node, errors)"
---
(
    Module@0..110
      ModuleHeader@0..31
        MODULE@0..6 "module"
        ModuleName@6..25
          Annotation@6..7
            TEXT@6..7 " "
          UPPER@7..25 "ExpressionPrefixed"
        Annotation@25..26
          TEXT@25..26 " "
        WHERE@26..31 "where"
      LAYOUT_START@31..31 ""
      ModuleStatements@31..109
        ValueEquation@31..58
          Annotation@31..33
            TEXT@31..33 "\n\n"
          LOWER@33..41 "prefixed"
          Unconditional@41..58
            Annotation@41..42
              TEXT@41..42 " "
            EQUAL@42..43 "="
            WhereExpression@43..58
              ExpressionVariable@43..58
                Annotation@43..44
                  TEXT@43..44 " "
                QualifiedName@44..58
                  Qualifier@44..54
                    TEXT@44..54 "Data.List."
                  LOWER@54..58 "head"
        LAYOUT_SEPARATOR@58..58 ""
        ValueEquation@58..84
          Annotation@58..59
            TEXT@58..59 "\n"
          LOWER@59..67 "prefixed"
          Unconditional@67..84
            Annotation@67..68
              TEXT@67..68 " "
            EQUAL@68..69 "="
            WhereExpression@69..84
              ExpressionConstructor@69..84
                Annotation@69..70
                  TEXT@69..70 " "
                QualifiedName@70..84
                  Qualifier@70..80
                    TEXT@70..80 "Data.List."
                  UPPER@80..84 "Cons"
        LAYOUT_SEPARATOR@84..84 ""
        ValueEquation@84..109
          Annotation@84..85
            TEXT@84..85 "\n"
          LOWER@85..93 "prefixed"
          Unconditional@93..109
            Annotation@93..94
              TEXT@93..94 " "
            EQUAL@94..95 "="
            WhereExpression@95..109
              ExpressionOperatorName@95..109
                Annotation@95..96
                  TEXT@95..96 " "
                QualifiedName@96..109
                  Qualifier@96..106
                    TEXT@96..106 "Data.List."
                  OPERATOR_NAME@106..109 "(:)"
      LAYOUT_END@109..109 ""
      Annotation@109..110
        TEXT@109..110 "\n"
      END_OF_FILE@110..110 ""
    ,
    [],
)
