---
source: tests-integration/tests/checking/generated.rs
assertion_line: 28
expression: report
---
Terms
Just :: forall (@a :: Type). (a :: Type) -> Maybe (a :: Type)
Nothing :: forall (@a :: Type). Maybe (a :: Type)
fromJust :: forall (a :: Type). Partial => Maybe (a :: Type) -> (a :: Type)
test :: forall (a :: Type). Int

Types
Maybe :: Type -> Type

Roles
Maybe = [Representational]

Diagnostics
warning[MissingPatterns]: Pattern match is not exhaustive. Missing: Just _
  --> 14:5..15:22
   |
14 |     loud :: Maybe a -> Int
   |     ^~~~~~~~~~~~~~~~~~~~~~
