---
source: tests-integration/tests/checking/generated.rs
expression: report
---
Terms
Pair :: forall (a :: Type) (b :: Type). (a :: Type) -> (b :: Type) -> Pair (a :: Type) (b :: Type)
Unit :: Unit

Types
Pair :: Type -> Type -> Type
Unit :: Type

Data
Pair
  Quantified = :0
  Kind = :0

Unit
  Quantified = :0
  Kind = :0


Roles
Pair = [Representational, Representational]
Unit = []

Derived
derive Functor (Pair Int String :: Type)
derive Functor (Unit :: Type)

Diagnostics
error[CannotUnify] at 104..122: Cannot unify 'Type' with 'Type -> Type'
error[CannotDeriveForType] at 80..122: Cannot derive for type: Pair Int String
error[CannotUnify] at 164..169: Cannot unify 'Type' with 'Type -> Type'
error[CannotDeriveForType] at 140..169: Cannot derive for type: Unit
