---
source: tests-integration/tests/checking/generated.rs
expression: report
---
Terms
coerceHidden :: Int -> HiddenAge
coerceQualified :: Int -> HiddenAge

Types

Errors
CoercibleConstructorNotInScope { file_id: Idx::<File>(26), item_id: Idx::<TypeItem>(0) } at [TermDeclaration(Idx::<TermItem>(0))]
NoInstanceFound { Coercible @Type Int HiddenAge } at [TermDeclaration(Idx::<TermItem>(0))]
CoercibleConstructorNotInScope { file_id: Idx::<File>(26), item_id: Idx::<TypeItem>(0) } at [TermDeclaration(Idx::<TermItem>(1))]
NoInstanceFound { Coercible @Type Int HiddenAge } at [TermDeclaration(Idx::<TermItem>(1))]
