---
source: tests-integration/tests/checking2/generated.rs
assertion_line: 28
expression: report
---
Terms
coerceOpen :: Int -> HiddenAge

Types

Errors
CheckError {
    kind: CoercibleConstructorNotInScope {
        file_id: Idx::<File>(39),
        item_id: Idx::<TypeItem>(0),
    },
    crumbs: [
        TermDeclaration(
            Idx::<TermItem>(0),
        ),
    ],
}
CheckError {
    kind: NoInstanceFound {
        constraint: Id<smol_str::SmolStr>(7),
    },
    crumbs: [],
}
