---
source: tests-integration/tests/checking/generated.rs
expression: report
---
Terms

Types
EmptyRow :: forall (t2 :: Type). Row t2
EmptyRecord :: Type
TailOnly :: forall (t10 :: Type). Row t10 -> Row t10
TailOnlyRecord :: Row Type -> Type

Synonyms
EmptyRow = ()
  Quantified = :0
  Kind = :0
  Type = :0

EmptyRecord = {}
  Quantified = :0
  Kind = :0
  Type = :0

TailOnly = forall (t10 :: Type) (r :: Row t10). ( | r )
  Quantified = :1
  Kind = :0
  Type = :1

TailOnlyRecord = forall (r :: Row Type). { | r }
  Quantified = :0
  Kind = :0
  Type = :1
