---
source: tests-integration/tests/checking/generated.rs
assertion_line: 28
expression: report
---
Terms
convert ::
  forall (a :: Type) (b :: Type). Convert (a :: Type) (b :: Type) => (a :: Type) -> (b :: Type)
test :: String

Types
Convert :: Type -> Type -> Constraint

Classes
class Convert (a :: Type) (b :: Type)

Instances
instance Convert (Int :: Type) (String :: Type)
  chain: 0
