---
source: tests-integration/tests/lowering/generated.rs
expression: report
---
module Main

Expressions:

a@3:15
  -> binder@3:4
z@10:4
  -> signature@7:5
  -> equation@8:12
add@14:6
  -> top-level
a@9:7
  -> binder@6:5

Types:

a@3:19
  -> forall@2:12
a@2:20
  -> forall@2:12
a@5:20
  -> forall@5:15
a@2:15
  -> forall@2:12
a@5:30
  -> forall@5:15
a@3:8
  -> forall@2:12
b@5:25
  -> forall@5:17
