---
source: crates/lexer/src/lexer/tests.rs
snapshot_kind: text
---
Ok(
    [
        Lexed {
            kind: Qualified(
                None,
                SOURCE_IDENTIFIER,
            ),
            offset: 0,
        },
        Lexed {
            kind: Token(
                WHITESPACE,
            ),
            offset: 5,
        },
        Lexed {
            kind: Qualified(
                None,
                SOURCE_IDENTIFIER,
            ),
            offset: 6,
        },
        Lexed {
            kind: Token(
                WHITESPACE,
            ),
            offset: 14,
        },
        Lexed {
            kind: Qualified(
                None,
                SOURCE_IDENTIFIER,
            ),
            offset: 15,
        },
        Lexed {
            kind: Token(
                WHITESPACE,
            ),
            offset: 24,
        },
        Lexed {
            kind: Qualified(
                None,
                SOURCE_IDENTIFIER,
            ),
            offset: 25,
        },
        Lexed {
            kind: Token(
                WHITESPACE,
            ),
            offset: 34,
        },
        Lexed {
            kind: Qualified(
                None,
                SOURCE_IDENTIFIER,
            ),
            offset: 35,
        },
        Lexed {
            kind: Token(
                WHITESPACE,
            ),
            offset: 39,
        },
        Lexed {
            kind: Qualified(
                None,
                SOURCE_IDENTIFIER,
            ),
            offset: 40,
        },
        Lexed {
            kind: Token(
                END_OF_FILE,
            ),
            offset: 45,
        },
    ],
)
