---
source: crates/lexer/src/lexer/tests.rs
snapshot_kind: text
---
Ok(
    [
        Lexed {
            kind: Token(
                SOURCE_HOLE,
            ),
            offset: 0,
        },
        Lexed {
            kind: Token(
                WHITESPACE,
            ),
            offset: 5,
        },
        Lexed {
            kind: Token(
                SOURCE_HOLE,
            ),
            offset: 6,
        },
        Lexed {
            kind: Token(
                END_OF_FILE,
            ),
            offset: 11,
        },
    ],
)
