---
source: crates/lowering_v1/tests/concrete.rs
expression: "&lower.source_map"
snapshot_kind: text
---
SourceMap {
    types: {},
    binders: {
        AstPtr {
            raw: SyntaxNodePtr {
                kind: BinderVariable,
                range: 25..26,
            },
        }: Variable {
            name: Some(
                "a",
            ),
        },
    },
    expressions: {
        AstPtr {
            raw: SyntaxNodePtr {
                kind: ExpressionVariable,
                range: 29..31,
            },
        }: Variable {
            qualifier: None,
            name: Some(
                "a",
            ),
        },
        AstPtr {
            raw: SyntaxNodePtr {
                kind: ExpressionLambda,
                range: 23..31,
            },
        }: Lambda {
            binders: [
                Id<syntax::cst::Binder>(0),
            ],
            expression: Some(
                Id<syntax::cst::Expression>(0),
            ),
        },
    },
    let_bindings: {},
    let_bindings_grouped: [],
    do_statements: {},
}
