---
source: tests-integration/tests/checking/generated.rs
assertion_line: 28
expression: report
---
Terms
consume :: forall (a :: Type). Given (a :: Type) => (a :: Type) -> (a :: Type)
testGiven :: forall (a :: Type). Given (a :: Type) => (a :: Type) -> (a :: Type)

Types
Given :: Type -> Constraint

Classes
class Given (a :: Type)
