---
source: tests-integration/tests/checking/generated.rs
expression: report
---
Terms
NotANewtype :: Int -> NotANewtype

Types
NotANewtype :: Type

Data
NotANewtype
  Quantified = :0
  Kind = :0


Roles
NotANewtype = []

Errors
ExpectedNewtype { NotANewtype } at [TermDeclaration(Idx::<TermItem>(1))]
