---
source: crates/parsing/tests/grammar_tests.rs
expression: result
input_file: crates/parsing/tests/inputs/passing/type/empty-record.input
---
Input: {}

Start { kind: RecordType }
  Start { kind: Wrapped }
    Token { kind: LeftBracket }
    Start { kind: RowInner }
    Finish
    Token { kind: RightBracket }
  Finish
Finish

