---
source: crates/parsing/src/grammar/tests.rs
expression: result
---
Input: { a :: Hello, b :: Hello }

Start { kind: RecordType }
  Token { kind: LeftCurly }
  Start { kind: RowInner }
    Start { kind: RowField }
      Start { kind: Name }
        Token { kind: Label }
      Finish
      Token { kind: Colon2 }
      Start { kind: ConstructorType }
        Start { kind: QualifiedName }
          Start { kind: NameRef }
            Token { kind: Upper }
          Finish
        Finish
      Finish
    Finish
    Token { kind: Comma }
    Start { kind: RowField }
      Start { kind: Name }
        Token { kind: Label }
      Finish
      Token { kind: Colon2 }
      Start { kind: ConstructorType }
        Start { kind: QualifiedName }
          Start { kind: NameRef }
            Token { kind: Upper }
          Finish
        Finish
      Finish
    Finish
  Finish
  Token { kind: RightCurly }
Finish
