---
source: tests-integration/tests/checking/generated.rs
expression: report
---
Terms
addWrong :: forall (a :: Type). BinaryOp (a :: Type)
composeWrong :: forall (a :: Type). ReturnUnary (a :: Type)
constWrong :: forall (a :: Type) (b :: Type). (a :: Type) -> (b :: Type) -> (a :: Type)

Types
BinaryOp :: Type -> Type
UnaryOp :: Type -> Type
ReturnUnary :: Type -> Type
Const :: Type

Synonyms
BinaryOp = forall (a :: Type). (a :: Type) -> (a :: Type) -> (a :: Type)
  Quantified = :0
  Kind = :0
  Type = :1

UnaryOp = forall (a :: Type). (a :: Type) -> (a :: Type)
  Quantified = :0
  Kind = :0
  Type = :1

ReturnUnary = forall (a :: Type). (a :: Type) -> UnaryOp (a :: Type)
  Quantified = :0
  Kind = :0
  Type = :1

Const = forall (a :: Type) (b :: Type). (a :: Type) -> (b :: Type) -> (a :: Type)
  Quantified = :0
  Kind = :0
  Type = :0


Diagnostics
error[TooManyBinders] at 92..126: Too many binders: expected 2, got 3
error[TooManyBinders] at 206..247: Too many binders: expected 2, got 3
error[TooManyBinders] at 308..329: Too many binders: expected 2, got 3
