---
source: crates/resolving/tests/resolving.rs
expression: report
snapshot_kind: text
---
module ImportQualifiedExplicit

Unqualified Imports:

Qualified Imports:

L Terms:
  - libFn is Explicit
  - MkLibTy is Explicit

L Types:
  - LibTy is Explicit

Exported Terms:
  - libFn
  - MkLibTy

Exported Types:
  - LibTy

Local Terms:

Local Types:
