---
source: tests-integration/tests/checking/generated.rs
assertion_line: 28
expression: report
---
Terms
typeEq ::
  forall (a :: Type) (b :: Type) (c :: Type).
    TypeEq (a :: Type) (b :: Type) (c :: Type) => (a :: Type) -> (b :: Type) -> (c :: Type)
test :: Boolean

Types
TypeEq :: Type -> Type -> Type -> Constraint

Classes
class TypeEq (a :: Type) (b :: Type) (c :: Type)

Instances
instance TypeEq (Int :: Type) (Int :: Type) (Boolean :: Type)
  chain: 0
instance TypeEq (String :: Type) (String :: Type) (Boolean :: Type)
  chain: 0
