---
source: tests-integration/tests/checking/generated.rs
expression: report
---
Terms
MyUnit :: MyUnit
Identity :: forall (a :: Type). a -> Identity a
Left :: forall (a :: Type) (b :: Type). a -> Either a b
Right :: forall (a :: Type) (b :: Type). b -> Either a b
Tuple :: forall (a :: Type) (b :: Type). a -> b -> Tuple a b
Wrapper :: forall (a :: Type). a -> Wrapper a
Proxy :: forall (t6 :: Type) (a :: t6). Proxy @t6 a
getVoid :: forall (rep :: Type). Generic Void rep => Proxy @Type rep
getMyUnit :: forall (rep :: Type). Generic MyUnit rep => Proxy @Type rep
getIdentity :: forall (a :: Type) (rep :: Type). Generic (Identity a) rep => Proxy @Type rep
getEither ::
  forall (a :: Type) (b :: Type) (rep :: Type). Generic (Either a b) rep => Proxy @Type rep
getTuple :: forall (a :: Type) (b :: Type) (rep :: Type). Generic (Tuple a b) rep => Proxy @Type rep
getWrapper :: forall (a :: Type) (rep :: Type). Generic (Wrapper a) rep => Proxy @Type rep
forceSolve ::
  forall (t65 :: Type) (t67 :: Type) (t68 :: Type) (t70 :: Type) (t71 :: Type) (t73 :: Type).
    { getEither ::
        Proxy @Type (Sum (Constructor "Left" (Argument t67)) (Constructor "Right" (Argument t68)))
    , getIdentity :: Proxy @Type (Constructor "Identity" (Argument t65))
    , getMyUnit :: Proxy @Type (Constructor "MyUnit" NoArguments)
    , getTuple :: Proxy @Type (Constructor "Tuple" (Product (Argument t70) (Argument t71)))
    , getVoid :: Proxy @Type NoConstructors
    , getWrapper :: Proxy @Type (Constructor "Wrapper" (Argument t73))
    }

Types
Void :: Type
MyUnit :: Type
Identity :: Type -> Type
Either :: Type -> Type -> Type
Tuple :: Type -> Type -> Type
Wrapper :: Type -> Type
Proxy :: forall (t6 :: Type). t6 -> Type

Data
Void
  Quantified = :0
  Kind = :0

MyUnit
  Quantified = :0
  Kind = :0

Identity
  Quantified = :0
  Kind = :0

Either
  Quantified = :0
  Kind = :0

Tuple
  Quantified = :0
  Kind = :0

Wrapper
  Quantified = :0
  Kind = :0

Proxy
  Quantified = :1
  Kind = :0


Roles
Void = []
MyUnit = []
Identity = [Representational]
Either = [Representational, Representational]
Tuple = [Representational, Representational]
Wrapper = [Representational]
Proxy = [Phantom]

Derived
derive Generic (Void :: Type) (NoConstructors :: Type)
derive Generic (MyUnit :: Type) (Constructor "MyUnit" NoArguments :: Type)
derive Generic (Identity &0 :: Type) (Constructor "Identity" (Argument &0) :: Type)
derive Generic (Either &0 &1 :: Type) (Sum (Constructor "Left" (Argument &0)) (Constructor "Right" (Argument &1)) :: Type)
derive Generic (Tuple &0 &1 :: Type) (Constructor "Tuple" (Product (Argument &0) (Argument &1)) :: Type)
derive Generic (Wrapper &0 :: Type) (Constructor "Wrapper" (Argument &0) :: Type)
