---
source: tests-integration/tests/checking2/generated.rs
assertion_line: 28
expression: report
---
Terms
map ::
  forall (f :: Type -> Type) (a :: Type) (b :: Type).
    Functor (f :: Type -> Type) =>
    ((a :: Type) -> (b :: Type)) ->
    (f :: Type -> Type) (a :: Type) ->
    (f :: Type -> Type) (b :: Type)
Wrap ::
  forall (k :: Type) (e :: Type) (w :: (k :: Type) -> Type) (a :: (k :: Type)).
    (w :: (k :: Type) -> Type) (a :: (k :: Type)) ->
    Wrap @(k :: Type) (e :: Type) (w :: (k :: Type) -> Type) (a :: (k :: Type))

Types
Functor :: (Type -> Type) -> Constraint
Wrap :: forall (k :: Type). Type -> ((k :: Type) -> Type) -> (k :: Type) -> Type

Classes
class forall (f :: Type -> Type). Functor (f :: Type -> Type)
  map ::
  forall (f :: Type -> Type) (a :: Type) (b :: Type).
    Functor (f :: Type -> Type) =>
    ((a :: Type) -> (b :: Type)) ->
    (f :: Type -> Type) (a :: Type) ->
    (f :: Type -> Type) (b :: Type)

Instances
instance forall (t8 :: Type -> Type) (t7 :: Type).
  Functor (t8 :: Type -> Type) => Functor (Wrap @Type (t7 :: Type) (t8 :: Type -> Type))

Roles
Wrap = [Phantom, Representational, Nominal]
