---
source: crates/parsing/tests/grammar_tests.rs
expression: result
---
Input: 1 2
Start { kind: ApplicationExpression }
  Start { kind: LiteralExpression }
    Token { kind: LiteralInteger }
  Finish
  Start { kind: OneOrMore }
    Start { kind: LiteralExpression }
      Token { kind: LiteralInteger }
    Finish
  Finish
Finish

