---
source: crates/parsing/tests/grammar_tests.rs
expression: result
input_file: crates/parsing/tests/inputs/passing/expression/parenthesized-masks-layout-rules.input
---
Input: do
  (
this
should
not
be
legal
but
it
is
  )

Start { kind: DoExpression }
  Start { kind: QualifiedDo }
    Token { kind: DoKw }
  Finish
  Start { kind: OneOrMore }
    Start { kind: DoDiscard }
      Start { kind: ParenthesizedExpression }
        Token { kind: LeftParenthesis }
        Start { kind: ApplicationExpression }
          Start { kind: VariableExpression }
            Start { kind: QualifiedName }
              Start { kind: NameRef }
                Token { kind: Lower }
              Finish
            Finish
          Finish
          Start { kind: OneOrMore }
            Start { kind: TermArgument }
              Start { kind: VariableExpression }
                Start { kind: QualifiedName }
                  Start { kind: NameRef }
                    Token { kind: Lower }
                  Finish
                Finish
              Finish
            Finish
            Start { kind: TermArgument }
              Start { kind: VariableExpression }
                Start { kind: QualifiedName }
                  Start { kind: NameRef }
                    Token { kind: Lower }
                  Finish
                Finish
              Finish
            Finish
            Start { kind: TermArgument }
              Start { kind: VariableExpression }
                Start { kind: QualifiedName }
                  Start { kind: NameRef }
                    Token { kind: Lower }
                  Finish
                Finish
              Finish
            Finish
            Start { kind: TermArgument }
              Start { kind: VariableExpression }
                Start { kind: QualifiedName }
                  Start { kind: NameRef }
                    Token { kind: Lower }
                  Finish
                Finish
              Finish
            Finish
            Start { kind: TermArgument }
              Start { kind: VariableExpression }
                Start { kind: QualifiedName }
                  Start { kind: NameRef }
                    Token { kind: Lower }
                  Finish
                Finish
              Finish
            Finish
            Start { kind: TermArgument }
              Start { kind: VariableExpression }
                Start { kind: QualifiedName }
                  Start { kind: NameRef }
                    Token { kind: Lower }
                  Finish
                Finish
              Finish
            Finish
            Start { kind: TermArgument }
              Start { kind: VariableExpression }
                Start { kind: QualifiedName }
                  Start { kind: NameRef }
                    Token { kind: Lower }
                  Finish
                Finish
              Finish
            Finish
          Finish
        Finish
        Token { kind: RightParenthesis }
      Finish
    Finish
  Finish
Finish

