---
source: crates/parsing/tests/parser.rs
expression: "(node, errors)"
snapshot_kind: text
---
(
    Module@0..79
      ModuleHeader@0..28
        MODULE@0..6 "module"
        ModuleName@6..22
          Annotation@6..7
            TEXT@6..7 " "
          UPPER@7..22 "TypeConstrained"
        ExportList@22..22
        Annotation@22..23
          TEXT@22..23 " "
        WHERE@23..28 "where"
      LAYOUT_START@28..28 ""
      ModuleImports@28..28
      ModuleStatements@28..78
        ValueSignature@28..51
          Annotation@28..30
            TEXT@28..30 "\n\n"
          LOWER@30..41 "constrained"
          Annotation@41..42
            TEXT@41..42 " "
          DOUBLE_COLON@42..44 "::"
          TypeConstrained@44..51
            TypeConstructor@44..46
              QualifiedName@44..46
                Annotation@44..45
                  TEXT@44..45 " "
                UPPER@45..46 "A"
            Annotation@46..47
              TEXT@46..47 " "
            RIGHT_THICK_ARROW@47..49 "=>"
            TypeConstructor@49..51
              QualifiedName@49..51
                Annotation@49..50
                  TEXT@49..50 " "
                UPPER@50..51 "B"
        LAYOUT_SEPARATOR@51..51 ""
        ValueSignature@51..78
          Annotation@51..52
            TEXT@51..52 "\n"
          LOWER@52..63 "constrained"
          Annotation@63..64
            TEXT@63..64 " "
          DOUBLE_COLON@64..66 "::"
          TypeConstrained@66..78
            TypeConstructor@66..68
              QualifiedName@66..68
                Annotation@66..67
                  TEXT@66..67 " "
                UPPER@67..68 "A"
            Annotation@68..69
              TEXT@68..69 " "
            RIGHT_THICK_ARROW@69..71 "=>"
            TypeConstrained@71..78
              TypeConstructor@71..73
                QualifiedName@71..73
                  Annotation@71..72
                    TEXT@71..72 " "
                  UPPER@72..73 "B"
              Annotation@73..74
                TEXT@73..74 " "
              RIGHT_THICK_ARROW@74..76 "=>"
              TypeConstructor@76..78
                QualifiedName@76..78
                  Annotation@76..77
                    TEXT@76..77 " "
                  UPPER@77..78 "C"
      LAYOUT_END@78..78 ""
      Annotation@78..79
        TEXT@78..79 "\n"
      END_OF_FILE@79..79 ""
    ,
    [],
)
