---
source: crates/parsing/tests/parser.rs
expression: "(node, errors)"
snapshot_kind: text
---
(
    Module@0..63
      ModuleHeader@0..26
        MODULE@0..6 "module"
        ModuleName@6..20
          Annotation@6..7
            TEXT@6..7 " "
          UPPER@7..20 "BinderBoolean"
        ExportList@20..20
        Annotation@20..21
          TEXT@20..21 " "
        WHERE@21..26 "where"
      LAYOUT_START@26..26 ""
      ModuleImports@26..26
      ModuleStatements@26..62
        ValueEquation@26..44
          Annotation@26..28
            TEXT@26..28 "\n\n"
          LOWER@28..35 "boolean"
          FunctionBinders@35..40
            BinderTrue@35..40
              Annotation@35..36
                TEXT@35..36 " "
              TRUE@36..40 "true"
          Unconditional@40..44
            Annotation@40..41
              TEXT@40..41 " "
            EQUAL@41..42 "="
            WhereExpression@42..44
              ExpressionInteger@42..44
                Annotation@42..43
                  TEXT@42..43 " "
                INTEGER@43..44 "0"
        LAYOUT_SEPARATOR@44..44 ""
        ValueEquation@44..62
          Annotation@44..45
            TEXT@44..45 "\n"
          LOWER@45..52 "boolean"
          FunctionBinders@52..58
            BinderFalse@52..58
              Annotation@52..53
                TEXT@52..53 " "
              FALSE@53..58 "false"
          Unconditional@58..62
            Annotation@58..59
              TEXT@58..59 " "
            EQUAL@59..60 "="
            WhereExpression@60..62
              ExpressionInteger@60..62
                Annotation@60..61
                  TEXT@60..61 " "
                INTEGER@61..62 "0"
      LAYOUT_END@62..62 ""
      Annotation@62..63
        TEXT@62..63 "\n"
      END_OF_FILE@63..63 ""
    ,
    [],
)
