---
source: crates/parsing/tests/parser.rs
expression: "(node, errors)"
snapshot_kind: text
---
(
    Module@0..44
      ModuleHeader@0..29
        MODULE@0..6 "module"
        Comment@6..7
          WHITESPACE@6..7 " "
        ModuleName@7..22
          UPPER@7..21 "BinderWildcard"
          Comment@21..22
            WHITESPACE@21..22 " "
        ModuleExportList@22..22
        WHERE@22..27 "where"
        Comment@27..29
          WHITESPACE@27..29 "\n\n"
      LAYOUT_START@29..29 ""
      ModuleImports@29..29
      ModuleStatements@29..44
        ValueEquation@29..44
          LOWER@29..37 "wildcard"
          Comment@37..38
            WHITESPACE@37..38 " "
          EquationBinders@38..40
            BinderWildcard@38..40
              UNDERSCORE@38..39 "_"
              Comment@39..40
                WHITESPACE@39..40 " "
          EquationUnguarded@40..44
            EQUAL@40..41 "="
            Comment@41..42
              WHITESPACE@41..42 " "
            EquationWhere@42..44
              ExpressionInteger@42..44
                INTEGER@42..43 "0"
                Comment@43..44
                  WHITESPACE@43..44 "\n"
      LAYOUT_END@44..44 ""
      END_OF_FILE@44..44 ""
    ,
    [],
)
