---
source: crates/parsing/tests/parser.rs
expression: "(node, errors)"
snapshot_kind: text
---
(
    Module@0..55
      ModuleHeader@0..31
        MODULE@0..6 "module"
        Comment@6..7
          WHITESPACE@6..7 " "
        ModuleName@7..24
          UPPER@7..23 "ExpressionNegate"
          Comment@23..24
            WHITESPACE@23..24 " "
        ModuleExportList@24..24
        WHERE@24..29 "where"
        Comment@29..31
          WHITESPACE@29..31 "\n\n"
      LAYOUT_START@31..31 ""
      ModuleImports@31..31
      ModuleStatements@31..55
        ValueEquation@31..43
          LOWER@31..37 "negate"
          Comment@37..38
            WHITESPACE@37..38 " "
          EquationBinders@38..38
          Unconditional@38..43
            EQUAL@38..39 "="
            Comment@39..40
              WHITESPACE@39..40 " "
            WhereExpression@40..43
              ExpressionNegate@40..43
                MINUS@40..41 "-"
                ExpressionInteger@41..43
                  INTEGER@41..42 "1"
                  Comment@42..43
                    WHITESPACE@42..43 "\n"
        LAYOUT_SEPARATOR@43..43 ""
        ValueEquation@43..55
          LOWER@43..49 "negate"
          Comment@49..50
            WHITESPACE@49..50 " "
          EquationBinders@50..50
          Unconditional@50..55
            EQUAL@50..51 "="
            Comment@51..52
              WHITESPACE@51..52 " "
            WhereExpression@52..55
              ExpressionNegate@52..55
                MINUS@52..53 "-"
                ExpressionVariable@53..55
                  LOWER@53..54 "x"
                  Comment@54..55
                    WHITESPACE@54..55 "\n"
      LAYOUT_END@55..55 ""
      END_OF_FILE@55..55 ""
    ,
    [],
)
