---
source: crates/parsing/tests/parser.rs
expression: "(node, errors)"
snapshot_kind: text
---
(
    Module@0..555
      ModuleHeader@0..21
        MODULE@0..6 "module"
        Comment@6..7
          WHITESPACE@6..7 " "
        ModuleName@7..14
          UPPER@7..13 "Binder"
          Comment@13..14
            WHITESPACE@13..14 " "
        ModuleExportList@14..14
        WHERE@14..19 "where"
        Comment@19..21
          WHITESPACE@19..21 "\n\n"
      LAYOUT_START@21..21 ""
      ModuleImports@21..21
      ModuleStatements@21..555
        ValueEquation@21..36
          LOWER@21..26 "minus"
          Comment@26..27
            WHITESPACE@26..27 " "
          EquationBinders@27..32
            BinderParenthesized@27..32
              LEFT_PARENTHESIS@27..28 "("
              BinderInteger@28..30
                MINUS@28..29 "-"
                INTEGER@29..30 "1"
              RIGHT_PARENTHESIS@30..31 ")"
              Comment@31..32
                WHITESPACE@31..32 " "
          EquationUnguarded@32..36
            EQUAL@32..33 "="
            Comment@33..34
              WHITESPACE@33..34 " "
            EquationWhere@34..36
              ExpressionTyped@34..36
                ExpressionInteger@34..36
                  INTEGER@34..35 "0"
                  Comment@35..36
                    WHITESPACE@35..36 "\n"
        LAYOUT_SEPARATOR@36..36 ""
        ValueEquation@36..54
          LOWER@36..41 "minus"
          Comment@41..42
            WHITESPACE@41..42 " "
          EquationBinders@42..49
            BinderParenthesized@42..49
              LEFT_PARENTHESIS@42..43 "("
              BinderNumber@43..47
                MINUS@43..44 "-"
                NUMBER@44..47 "1.0"
              RIGHT_PARENTHESIS@47..48 ")"
              Comment@48..49
                WHITESPACE@48..49 " "
          EquationUnguarded@49..54
            EQUAL@49..50 "="
            Comment@50..51
              WHITESPACE@50..51 " "
            EquationWhere@51..54
              ExpressionTyped@51..54
                ExpressionInteger@51..54
                  INTEGER@51..52 "0"
                  Comment@52..54
                    WHITESPACE@52..54 "\n\n"
        LAYOUT_SEPARATOR@54..54 ""
        ValueEquation@54..82
          LOWER@54..65 "constructor"
          Comment@65..66
            WHITESPACE@65..66 " "
          EquationBinders@66..78
            BinderParenthesized@66..78
              LEFT_PARENTHESIS@66..67 "("
              BinderConstructor@67..76
                QualifiedName@67..72
                  UPPER@67..71 "Cons"
                  Comment@71..72
                    WHITESPACE@71..72 " "
                BinderVariable@72..74
                  LOWER@72..73 "x"
                  Comment@73..74
                    WHITESPACE@73..74 " "
                BinderVariable@74..76
                  LOWER@74..76 "xs"
              RIGHT_PARENTHESIS@76..77 ")"
              Comment@77..78
                WHITESPACE@77..78 " "
          EquationUnguarded@78..82
            EQUAL@78..79 "="
            Comment@79..80
              WHITESPACE@79..80 " "
            EquationWhere@80..82
              ExpressionTyped@80..82
                ExpressionInteger@80..82
                  INTEGER@80..81 "0"
                  Comment@81..82
                    WHITESPACE@81..82 "\n"
        LAYOUT_SEPARATOR@82..82 ""
        ValueEquation@82..103
          LOWER@82..93 "constructor"
          Comment@93..94
            WHITESPACE@93..94 " "
          EquationBinders@94..98
            BinderConstructor@94..98
              QualifiedName@94..98
                UPPER@94..97 "Nil"
                Comment@97..98
                  WHITESPACE@97..98 " "
          EquationUnguarded@98..103
            EQUAL@98..99 "="
            Comment@99..100
              WHITESPACE@99..100 " "
            EquationWhere@100..103
              ExpressionTyped@100..103
                ExpressionInteger@100..103
                  INTEGER@100..101 "0"
                  Comment@101..103
                    WHITESPACE@101..103 "\n\n"
        LAYOUT_SEPARATOR@103..103 ""
        ValueEquation@103..136
          LOWER@103..114 "constructor"
          Comment@114..115
            WHITESPACE@114..115 " "
          EquationBinders@115..132
            BinderParenthesized@115..132
              LEFT_PARENTHESIS@115..116 "("
              BinderConstructor@116..130
                QualifiedName@116..126
                  PREFIX@116..121 "List."
                  UPPER@121..125 "Cons"
                  Comment@125..126
                    WHITESPACE@125..126 " "
                BinderVariable@126..128
                  LOWER@126..127 "x"
                  Comment@127..128
                    WHITESPACE@127..128 " "
                BinderVariable@128..130
                  LOWER@128..130 "xs"
              RIGHT_PARENTHESIS@130..131 ")"
              Comment@131..132
                WHITESPACE@131..132 " "
          EquationUnguarded@132..136
            EQUAL@132..133 "="
            Comment@133..134
              WHITESPACE@133..134 " "
            EquationWhere@134..136
              ExpressionTyped@134..136
                ExpressionInteger@134..136
                  INTEGER@134..135 "0"
                  Comment@135..136
                    WHITESPACE@135..136 "\n"
        LAYOUT_SEPARATOR@136..136 ""
        ValueEquation@136..162
          LOWER@136..147 "constructor"
          Comment@147..148
            WHITESPACE@147..148 " "
          EquationBinders@148..157
            BinderConstructor@148..157
              QualifiedName@148..157
                PREFIX@148..153 "List."
                UPPER@153..156 "Nil"
                Comment@156..157
                  WHITESPACE@156..157 " "
          EquationUnguarded@157..162
            EQUAL@157..158 "="
            Comment@158..159
              WHITESPACE@158..159 " "
            EquationWhere@159..162
              ExpressionTyped@159..162
                ExpressionInteger@159..162
                  INTEGER@159..160 "0"
                  Comment@160..162
                    WHITESPACE@160..162 "\n\n"
        LAYOUT_SEPARATOR@162..162 ""
        ValueEquation@162..177
          LOWER@162..170 "identity"
          Comment@170..171
            WHITESPACE@170..171 " "
          EquationBinders@171..173
            BinderVariable@171..173
              LOWER@171..172 "x"
              Comment@172..173
                WHITESPACE@172..173 " "
          EquationUnguarded@173..177
            EQUAL@173..174 "="
            Comment@174..175
              WHITESPACE@174..175 " "
            EquationWhere@175..177
              ExpressionTyped@175..177
                ExpressionInteger@175..177
                  INTEGER@175..176 "0"
                  Comment@176..177
                    WHITESPACE@176..177 "\n"
        LAYOUT_SEPARATOR@177..177 ""
        ValueEquation@177..195
          LOWER@177..185 "identity"
          Comment@185..186
            WHITESPACE@185..186 " "
          EquationBinders@186..190
            BinderNamed@186..190
              LOWER@186..187 "x"
              AT@187..188 "@"
              BinderVariable@188..190
                LOWER@188..189 "y"
                Comment@189..190
                  WHITESPACE@189..190 " "
          EquationUnguarded@190..195
            EQUAL@190..191 "="
            Comment@191..192
              WHITESPACE@191..192 " "
            EquationWhere@192..195
              ExpressionTyped@192..195
                ExpressionInteger@192..195
                  INTEGER@192..193 "0"
                  Comment@193..195
                    WHITESPACE@193..195 "\n\n"
        LAYOUT_SEPARATOR@195..195 ""
        ValueEquation@195..211
          LOWER@195..203 "wildcard"
          Comment@203..204
            WHITESPACE@203..204 " "
          EquationBinders@204..206
            BinderWildcard@204..206
              UNDERSCORE@204..205 "_"
              Comment@205..206
                WHITESPACE@205..206 " "
          EquationUnguarded@206..211
            EQUAL@206..207 "="
            Comment@207..208
              WHITESPACE@207..208 " "
            EquationWhere@208..211
              ExpressionTyped@208..211
                ExpressionInteger@208..211
                  INTEGER@208..209 "0"
                  Comment@209..211
                    WHITESPACE@209..211 "\n\n"
        LAYOUT_SEPARATOR@211..211 ""
        ValueEquation@211..230
          LOWER@211..217 "string"
          Comment@217..218
            WHITESPACE@217..218 " "
          EquationBinders@218..226
            BinderString@218..226
              STRING@218..225 "\"hello\""
              Comment@225..226
                WHITESPACE@225..226 " "
          EquationUnguarded@226..230
            EQUAL@226..227 "="
            Comment@227..228
              WHITESPACE@227..228 " "
            EquationWhere@228..230
              ExpressionTyped@228..230
                ExpressionInteger@228..230
                  INTEGER@228..229 "0"
                  Comment@229..230
                    WHITESPACE@229..230 "\n"
        LAYOUT_SEPARATOR@230..230 ""
        ValueEquation@230..254
          LOWER@230..236 "string"
          Comment@236..237
            WHITESPACE@236..237 " "
          EquationBinders@237..249
            BinderString@237..249
              RAW_STRING@237..248 "\"\"\"hello\"\"\""
              Comment@248..249
                WHITESPACE@248..249 " "
          EquationUnguarded@249..254
            EQUAL@249..250 "="
            Comment@250..251
              WHITESPACE@250..251 " "
            EquationWhere@251..254
              ExpressionTyped@251..254
                ExpressionInteger@251..254
                  INTEGER@251..252 "0"
                  Comment@252..254
                    WHITESPACE@252..254 "\n\n"
        LAYOUT_SEPARATOR@254..254 ""
        ValueEquation@254..268
          LOWER@254..258 "char"
          Comment@258..259
            WHITESPACE@258..259 " "
          EquationBinders@259..263
            BinderChar@259..263
              CHAR@259..262 "'a'"
              Comment@262..263
                WHITESPACE@262..263 " "
          EquationUnguarded@263..268
            EQUAL@263..264 "="
            Comment@264..265
              WHITESPACE@264..265 " "
            EquationWhere@265..268
              ExpressionTyped@265..268
                ExpressionInteger@265..268
                  INTEGER@265..266 "0"
                  Comment@266..268
                    WHITESPACE@266..268 "\n\n"
        LAYOUT_SEPARATOR@268..268 ""
        ValueEquation@268..285
          LOWER@268..275 "boolean"
          Comment@275..276
            WHITESPACE@275..276 " "
          EquationBinders@276..281
            BinderTrue@276..281
              TRUE@276..280 "true"
              Comment@280..281
                WHITESPACE@280..281 " "
          EquationUnguarded@281..285
            EQUAL@281..282 "="
            Comment@282..283
              WHITESPACE@282..283 " "
            EquationWhere@283..285
              ExpressionTyped@283..285
                ExpressionInteger@283..285
                  INTEGER@283..284 "0"
                  Comment@284..285
                    WHITESPACE@284..285 "\n"
        LAYOUT_SEPARATOR@285..285 ""
        ValueEquation@285..304
          LOWER@285..292 "boolean"
          Comment@292..293
            WHITESPACE@292..293 " "
          EquationBinders@293..299
            BinderFalse@293..299
              FALSE@293..298 "false"
              Comment@298..299
                WHITESPACE@298..299 " "
          EquationUnguarded@299..304
            EQUAL@299..300 "="
            Comment@300..301
              WHITESPACE@300..301 " "
            EquationWhere@301..304
              ExpressionTyped@301..304
                ExpressionInteger@301..304
                  INTEGER@301..302 "0"
                  Comment@302..304
                    WHITESPACE@302..304 "\n\n"
        LAYOUT_SEPARATOR@304..304 ""
        ValueEquation@304..318
          LOWER@304..311 "integer"
          Comment@311..312
            WHITESPACE@311..312 " "
          EquationBinders@312..314
            BinderInteger@312..314
              INTEGER@312..313 "1"
              Comment@313..314
                WHITESPACE@313..314 " "
          EquationUnguarded@314..318
            EQUAL@314..315 "="
            Comment@315..316
              WHITESPACE@315..316 " "
            EquationWhere@316..318
              ExpressionTyped@316..318
                ExpressionInteger@316..318
                  INTEGER@316..317 "0"
                  Comment@317..318
                    WHITESPACE@317..318 "\n"
        LAYOUT_SEPARATOR@318..318 ""
        ValueEquation@318..334
          LOWER@318..324 "number"
          Comment@324..325
            WHITESPACE@324..325 " "
          EquationBinders@325..329
            BinderNumber@325..329
              NUMBER@325..328 "1.0"
              Comment@328..329
                WHITESPACE@328..329 " "
          EquationUnguarded@329..334
            EQUAL@329..330 "="
            Comment@330..331
              WHITESPACE@330..331 " "
            EquationWhere@331..334
              ExpressionTyped@331..334
                ExpressionInteger@331..334
                  INTEGER@331..332 "0"
                  Comment@332..334
                    WHITESPACE@332..334 "\n\n"
        LAYOUT_SEPARATOR@334..334 ""
        ValueEquation@334..347
          LOWER@334..339 "array"
          Comment@339..340
            WHITESPACE@339..340 " "
          EquationBinders@340..343
            BinderArray@340..343
              LEFT_SQUARE@340..341 "["
              RIGHT_SQUARE@341..342 "]"
              Comment@342..343
                WHITESPACE@342..343 " "
          EquationUnguarded@343..347
            EQUAL@343..344 "="
            Comment@344..345
              WHITESPACE@344..345 " "
            EquationWhere@345..347
              ExpressionTyped@345..347
                ExpressionInteger@345..347
                  INTEGER@345..346 "0"
                  Comment@346..347
                    WHITESPACE@346..347 "\n"
        LAYOUT_SEPARATOR@347..347 ""
        ValueEquation@347..361
          LOWER@347..352 "array"
          Comment@352..353
            WHITESPACE@352..353 " "
          EquationBinders@353..357
            BinderArray@353..357
              LEFT_SQUARE@353..354 "["
              BinderVariable@354..355
                LOWER@354..355 "x"
              RIGHT_SQUARE@355..356 "]"
              Comment@356..357
                WHITESPACE@356..357 " "
          EquationUnguarded@357..361
            EQUAL@357..358 "="
            Comment@358..359
              WHITESPACE@358..359 " "
            EquationWhere@359..361
              ExpressionTyped@359..361
                ExpressionInteger@359..361
                  INTEGER@359..360 "0"
                  Comment@360..361
                    WHITESPACE@360..361 "\n"
        LAYOUT_SEPARATOR@361..361 ""
        ValueEquation@361..379
          LOWER@361..366 "array"
          Comment@366..367
            WHITESPACE@366..367 " "
          EquationBinders@367..374
            BinderArray@367..374
              LEFT_SQUARE@367..368 "["
              BinderVariable@368..369
                LOWER@368..369 "x"
              COMMA@369..370 ","
              Comment@370..371
                WHITESPACE@370..371 " "
              BinderVariable@371..372
                LOWER@371..372 "y"
              RIGHT_SQUARE@372..373 "]"
              Comment@373..374
                WHITESPACE@373..374 " "
          EquationUnguarded@374..379
            EQUAL@374..375 "="
            Comment@375..376
              WHITESPACE@375..376 " "
            EquationWhere@376..379
              ExpressionTyped@376..379
                ExpressionInteger@376..379
                  INTEGER@376..377 "0"
                  Comment@377..379
                    WHITESPACE@377..379 "\n\n"
        LAYOUT_SEPARATOR@379..379 ""
        ValueEquation@379..393
          LOWER@379..385 "record"
          Comment@385..386
            WHITESPACE@385..386 " "
          EquationBinders@386..389
            BinderRecord@386..389
              LEFT_CURLY@386..387 "{"
              RIGHT_CURLY@387..388 "}"
              Comment@388..389
                WHITESPACE@388..389 " "
          EquationUnguarded@389..393
            EQUAL@389..390 "="
            Comment@390..391
              WHITESPACE@390..391 " "
            EquationWhere@391..393
              ExpressionTyped@391..393
                ExpressionInteger@391..393
                  INTEGER@391..392 "0"
                  Comment@392..393
                    WHITESPACE@392..393 "\n"
        LAYOUT_SEPARATOR@393..393 ""
        ValueEquation@393..408
          LOWER@393..399 "record"
          Comment@399..400
            WHITESPACE@399..400 " "
          EquationBinders@400..404
            BinderRecord@400..404
              LEFT_CURLY@400..401 "{"
              RecordPun@401..402
                LOWER@401..402 "x"
              RIGHT_CURLY@402..403 "}"
              Comment@403..404
                WHITESPACE@403..404 " "
          EquationUnguarded@404..408
            EQUAL@404..405 "="
            Comment@405..406
              WHITESPACE@405..406 " "
            EquationWhere@406..408
              ExpressionTyped@406..408
                ExpressionInteger@406..408
                  INTEGER@406..407 "0"
                  Comment@407..408
                    WHITESPACE@407..408 "\n"
        LAYOUT_SEPARATOR@408..408 ""
        ValueEquation@408..426
          LOWER@408..414 "record"
          Comment@414..415
            WHITESPACE@414..415 " "
          EquationBinders@415..422
            BinderRecord@415..422
              LEFT_CURLY@415..416 "{"
              RecordPun@416..417
                LOWER@416..417 "x"
              COMMA@417..418 ","
              Comment@418..419
                WHITESPACE@418..419 " "
              RecordPun@419..420
                LOWER@419..420 "y"
              RIGHT_CURLY@420..421 "}"
              Comment@421..422
                WHITESPACE@421..422 " "
          EquationUnguarded@422..426
            EQUAL@422..423 "="
            Comment@423..424
              WHITESPACE@423..424 " "
            EquationWhere@424..426
              ExpressionTyped@424..426
                ExpressionInteger@424..426
                  INTEGER@424..425 "0"
                  Comment@425..426
                    WHITESPACE@425..426 "\n"
        LAYOUT_SEPARATOR@426..426 ""
        ValueEquation@426..450
          LOWER@426..432 "record"
          Comment@432..433
            WHITESPACE@432..433 " "
          EquationBinders@433..446
            BinderRecord@433..446
              LEFT_CURLY@433..434 "{"
              RecordField@434..438
                LOWER@434..435 "x"
                COLON@435..436 ":"
                Comment@436..437
                  WHITESPACE@436..437 " "
                BinderVariable@437..438
                  LOWER@437..438 "y"
              COMMA@438..439 ","
              Comment@439..440
                WHITESPACE@439..440 " "
              RecordField@440..444
                LOWER@440..441 "y"
                COLON@441..442 ":"
                Comment@442..443
                  WHITESPACE@442..443 " "
                BinderVariable@443..444
                  LOWER@443..444 "x"
              RIGHT_CURLY@444..445 "}"
              Comment@445..446
                WHITESPACE@445..446 " "
          EquationUnguarded@446..450
            EQUAL@446..447 "="
            Comment@447..448
              WHITESPACE@447..448 " "
            EquationWhere@448..450
              ExpressionTyped@448..450
                ExpressionInteger@448..450
                  INTEGER@448..449 "0"
                  Comment@449..450
                    WHITESPACE@449..450 "\n"
        LAYOUT_SEPARATOR@450..450 ""
        ValueEquation@450..481
          LOWER@450..456 "record"
          Comment@456..457
            WHITESPACE@456..457 " "
          EquationBinders@457..476
            BinderRecord@457..476
              LEFT_CURLY@457..458 "{"
              RecordPun@458..459
                LOWER@458..459 "a"
              COMMA@459..460 ","
              Comment@460..461
                WHITESPACE@460..461 " "
              RecordField@461..465
                LOWER@461..462 "b"
                COLON@462..463 ":"
                Comment@463..464
                  WHITESPACE@463..464 " "
                BinderVariable@464..465
                  LOWER@464..465 "c"
              COMMA@465..466 ","
              Comment@466..467
                WHITESPACE@466..467 " "
              RecordPun@467..468
                LOWER@467..468 "d"
              COMMA@468..469 ","
              Comment@469..470
                WHITESPACE@469..470 " "
              RecordField@470..474
                LOWER@470..471 "e"
                COLON@471..472 ":"
                Comment@472..473
                  WHITESPACE@472..473 " "
                BinderVariable@473..474
                  LOWER@473..474 "f"
              RIGHT_CURLY@474..475 "}"
              Comment@475..476
                WHITESPACE@475..476 " "
          EquationUnguarded@476..481
            EQUAL@476..477 "="
            Comment@477..478
              WHITESPACE@477..478 " "
            EquationWhere@478..481
              ExpressionTyped@478..481
                ExpressionInteger@478..481
                  INTEGER@478..479 "0"
                  Comment@479..481
                    WHITESPACE@479..481 "\n\n"
        LAYOUT_SEPARATOR@481..481 ""
        ValueEquation@481..503
          LOWER@481..494 "parenthesized"
          Comment@494..495
            WHITESPACE@494..495 " "
          EquationBinders@495..499
            BinderParenthesized@495..499
              LEFT_PARENTHESIS@495..496 "("
              BinderVariable@496..497
                LOWER@496..497 "x"
              RIGHT_PARENTHESIS@497..498 ")"
              Comment@498..499
                WHITESPACE@498..499 " "
          EquationUnguarded@499..503
            EQUAL@499..500 "="
            Comment@500..501
              WHITESPACE@500..501 " "
            EquationWhere@501..503
              ExpressionTyped@501..503
                ExpressionInteger@501..503
                  INTEGER@501..502 "0"
                  Comment@502..503
                    WHITESPACE@502..503 "\n"
        LAYOUT_SEPARATOR@503..503 ""
        ValueEquation@503..529
          LOWER@503..516 "parenthesized"
          Comment@516..517
            WHITESPACE@516..517 " "
          EquationBinders@517..525
            BinderParenthesized@517..525
              LEFT_PARENTHESIS@517..518 "("
              BinderOperatorChain@518..523
                BinderVariable@518..520
                  LOWER@518..519 "x"
                  Comment@519..520
                    WHITESPACE@519..520 " "
                OPERATOR@520..521 "+"
                Comment@521..522
                  WHITESPACE@521..522 " "
                BinderVariable@522..523
                  LOWER@522..523 "y"
              RIGHT_PARENTHESIS@523..524 ")"
              Comment@524..525
                WHITESPACE@524..525 " "
          EquationUnguarded@525..529
            EQUAL@525..526 "="
            Comment@526..527
              WHITESPACE@526..527 " "
            EquationWhere@527..529
              ExpressionTyped@527..529
                ExpressionInteger@527..529
                  INTEGER@527..528 "0"
                  Comment@528..529
                    WHITESPACE@528..529 "\n"
        LAYOUT_SEPARATOR@529..529 ""
        ValueEquation@529..555
          LOWER@529..542 "parenthesized"
          Comment@542..543
            WHITESPACE@542..543 " "
          EquationBinders@543..551
            BinderParenthesized@543..551
              LEFT_PARENTHESIS@543..544 "("
              BinderParenthesized@544..549
                LEFT_PARENTHESIS@544..545 "("
                BinderParenthesized@545..548
                  LEFT_PARENTHESIS@545..546 "("
                  BinderVariable@546..547
                    LOWER@546..547 "x"
                  RIGHT_PARENTHESIS@547..548 ")"
                RIGHT_PARENTHESIS@548..549 ")"
              RIGHT_PARENTHESIS@549..550 ")"
              Comment@550..551
                WHITESPACE@550..551 " "
          EquationUnguarded@551..555
            EQUAL@551..552 "="
            Comment@552..553
              WHITESPACE@552..553 " "
            EquationWhere@553..555
              ExpressionTyped@553..555
                ExpressionInteger@553..555
                  INTEGER@553..554 "0"
                  Comment@554..555
                    WHITESPACE@554..555 "\n"
      LAYOUT_END@555..555 ""
      END_OF_FILE@555..555 ""
    ,
    [],
)
