---
source: crates/parsing/tests/parser.rs
expression: "(node, errors)"
snapshot_kind: text
---
(
    Module@0..55
      ModuleHeader@0..28
        MODULE@0..6 "module"
        Comment@6..7
          WHITESPACE@6..7 " "
        ModuleName@7..21
          UPPER@7..20 "DataSignature"
          Comment@20..21
            WHITESPACE@20..21 " "
        ModuleExportList@21..21
        WHERE@21..26 "where"
        Comment@26..28
          WHITESPACE@26..28 "\n\n"
      LAYOUT_START@28..28 ""
      ModuleImports@28..28
      ModuleStatements@28..55
        DataSignature@28..55
          DATA@28..32 "data"
          Comment@32..33
            WHITESPACE@32..33 " "
          UPPER@33..38 "Maybe"
          Comment@38..39
            WHITESPACE@38..39 " "
          DOUBLE_COLON@39..41 "::"
          Comment@41..42
            WHITESPACE@41..42 " "
          TypeArrow@42..55
            TypeConstructor@42..47
              QualifiedName@42..47
                UPPER@42..46 "Type"
                Comment@46..47
                  WHITESPACE@46..47 " "
            RIGHT_ARROW@47..49 "->"
            Comment@49..50
              WHITESPACE@49..50 " "
            TypeConstructor@50..55
              QualifiedName@50..55
                UPPER@50..54 "Type"
                Comment@54..55
                  WHITESPACE@54..55 "\n"
      LAYOUT_END@55..55 ""
      END_OF_FILE@55..55 ""
    ,
    [],
)
