---
source: crates/parsing/tests/parser.rs
expression: "(node, errors)"
snapshot_kind: text
---
(
    Module@0..97
      ModuleHeader@0..31
        MODULE@0..6 "module"
        Comment@6..7
          WHITESPACE@6..7 " "
        ModuleName@7..24
          UPPER@7..23 "RecordItemLabels"
          Comment@23..24
            WHITESPACE@23..24 " "
        ModuleExportList@24..24
        WHERE@24..29 "where"
        Comment@29..31
          WHITESPACE@29..31 "\n\n"
      LAYOUT_START@31..31 ""
      ModuleImports@31..31
      ModuleStatements@31..97
        ValueEquation@31..65
          LOWER@31..38 "invalid"
          Comment@38..39
            WHITESPACE@38..39 " "
          EquationBinders@39..51
            BinderRecord@39..51
              LEFT_CURLY@39..40 "{"
              Comment@40..41
                WHITESPACE@40..41 " "
              RecordPun@41..49
                ERROR@41..41 ""
                LabelName@41..49
                  STRING@41..48 "\"error\""
                  Comment@48..49
                    WHITESPACE@48..49 " "
              RIGHT_CURLY@49..50 "}"
              Comment@50..51
                WHITESPACE@50..51 " "
          EquationUnconditional@51..65
            EQUAL@51..52 "="
            Comment@52..53
              WHITESPACE@52..53 " "
            EquationWhere@53..65
              ExpressionRecord@53..65
                LEFT_CURLY@53..54 "{"
                Comment@54..55
                  WHITESPACE@54..55 " "
                RecordPun@55..63
                  ERROR@55..55 ""
                  LabelName@55..63
                    STRING@55..62 "\"error\""
                    Comment@62..63
                      WHITESPACE@62..63 " "
                RIGHT_CURLY@63..64 "}"
                Comment@64..65
                  WHITESPACE@64..65 "\n"
        LAYOUT_SEPARATOR@65..65 ""
        ValueEquation@65..97
          LOWER@65..72 "invalid"
          Comment@72..73
            WHITESPACE@72..73 " "
          EquationBinders@73..84
            BinderRecord@73..84
              LEFT_CURLY@73..74 "{"
              Comment@74..75
                WHITESPACE@74..75 " "
              RecordPun@75..82
                ERROR@75..75 ""
                LabelName@75..82
                  FORALL@75..81 "forall"
                  Comment@81..82
                    WHITESPACE@81..82 " "
              RIGHT_CURLY@82..83 "}"
              Comment@83..84
                WHITESPACE@83..84 " "
          EquationUnconditional@84..97
            EQUAL@84..85 "="
            Comment@85..86
              WHITESPACE@85..86 " "
            EquationWhere@86..97
              ExpressionRecord@86..97
                LEFT_CURLY@86..87 "{"
                Comment@87..88
                  WHITESPACE@87..88 " "
                RecordPun@88..95
                  ERROR@88..88 ""
                  LabelName@88..95
                    FORALL@88..94 "forall"
                    Comment@94..95
                      WHITESPACE@94..95 " "
                RIGHT_CURLY@95..96 "}"
                Comment@96..97
                  WHITESPACE@96..97 "\n"
      LAYOUT_END@97..97 ""
      END_OF_FILE@97..97 ""
    ,
    [
        ParseError {
            position: Position {
                offset: 41,
                line: 3,
                column: 11,
            },
            message: "Invalid string label in record pun",
        },
        ParseError {
            position: Position {
                offset: 55,
                line: 3,
                column: 25,
            },
            message: "Invalid string label in record pun",
        },
        ParseError {
            position: Position {
                offset: 75,
                line: 4,
                column: 11,
            },
            message: "Invalid reserved keyword in record pun",
        },
        ParseError {
            position: Position {
                offset: 88,
                line: 4,
                column: 24,
            },
            message: "Invalid reserved keyword in record pun",
        },
    ],
)
