---
source: crates/parsing/tests/parser.rs
expression: "(node, errors)"
snapshot_kind: text
---
(
    Module@0..122
      ModuleHeader@0..31
        MODULE@0..6 "module"
        Comment@6..7
          WHITESPACE@6..7 " "
        ModuleName@7..24
          UPPER@7..23 "ExpressionRecord"
          Comment@23..24
            WHITESPACE@23..24 " "
        ModuleExportList@24..24
        WHERE@24..29 "where"
        Comment@29..31
          WHITESPACE@29..31 "\n\n"
      LAYOUT_START@31..31 ""
      ModuleImports@31..31
      ModuleStatements@31..122
        ValueEquation@31..43
          LOWER@31..37 "record"
          Comment@37..38
            WHITESPACE@37..38 " "
          FunctionBinders@38..38
          Unconditional@38..43
            EQUAL@38..39 "="
            Comment@39..40
              WHITESPACE@39..40 " "
            WhereExpression@40..43
              ExpressionRecord@40..43
                LEFT_CURLY@40..41 "{"
                RIGHT_CURLY@41..42 "}"
                Comment@42..43
                  WHITESPACE@42..43 "\n"
        LAYOUT_SEPARATOR@43..43 ""
        ValueEquation@43..56
          LOWER@43..49 "record"
          Comment@49..50
            WHITESPACE@49..50 " "
          FunctionBinders@50..50
          Unconditional@50..56
            EQUAL@50..51 "="
            Comment@51..52
              WHITESPACE@51..52 " "
            WhereExpression@52..56
              ExpressionRecord@52..56
                LEFT_CURLY@52..53 "{"
                RecordPun@53..54
                  LabelName@53..54
                    LOWER@53..54 "x"
                RIGHT_CURLY@54..55 "}"
                Comment@55..56
                  WHITESPACE@55..56 "\n"
        LAYOUT_SEPARATOR@56..56 ""
        ValueEquation@56..72
          LOWER@56..62 "record"
          Comment@62..63
            WHITESPACE@62..63 " "
          FunctionBinders@63..63
          Unconditional@63..72
            EQUAL@63..64 "="
            Comment@64..65
              WHITESPACE@64..65 " "
            WhereExpression@65..72
              ExpressionRecord@65..72
                LEFT_CURLY@65..66 "{"
                RecordPun@66..67
                  LabelName@66..67
                    LOWER@66..67 "x"
                COMMA@67..68 ","
                Comment@68..69
                  WHITESPACE@68..69 " "
                RecordPun@69..70
                  LabelName@69..70
                    LOWER@69..70 "y"
                RIGHT_CURLY@70..71 "}"
                Comment@71..72
                  WHITESPACE@71..72 "\n"
        LAYOUT_SEPARATOR@72..72 ""
        ValueEquation@72..94
          LOWER@72..78 "record"
          Comment@78..79
            WHITESPACE@78..79 " "
          FunctionBinders@79..79
          Unconditional@79..94
            EQUAL@79..80 "="
            Comment@80..81
              WHITESPACE@80..81 " "
            WhereExpression@81..94
              ExpressionRecord@81..94
                LEFT_CURLY@81..82 "{"
                RecordField@82..86
                  LabelName@82..83
                    LOWER@82..83 "x"
                  COLON@83..84 ":"
                  Comment@84..85
                    WHITESPACE@84..85 " "
                  ExpressionVariable@85..86
                    LOWER@85..86 "y"
                COMMA@86..87 ","
                Comment@87..88
                  WHITESPACE@87..88 " "
                RecordField@88..92
                  LabelName@88..89
                    LOWER@88..89 "y"
                  COLON@89..90 ":"
                  Comment@90..91
                    WHITESPACE@90..91 " "
                  ExpressionVariable@91..92
                    LOWER@91..92 "x"
                RIGHT_CURLY@92..93 "}"
                Comment@93..94
                  WHITESPACE@93..94 "\n"
        LAYOUT_SEPARATOR@94..94 ""
        ValueEquation@94..122
          LOWER@94..100 "record"
          Comment@100..101
            WHITESPACE@100..101 " "
          FunctionBinders@101..101
          Unconditional@101..122
            EQUAL@101..102 "="
            Comment@102..103
              WHITESPACE@102..103 " "
            WhereExpression@103..122
              ExpressionRecord@103..122
                LEFT_CURLY@103..104 "{"
                RecordPun@104..105
                  LabelName@104..105
                    LOWER@104..105 "a"
                COMMA@105..106 ","
                Comment@106..107
                  WHITESPACE@106..107 " "
                RecordField@107..111
                  LabelName@107..108
                    LOWER@107..108 "b"
                  COLON@108..109 ":"
                  Comment@109..110
                    WHITESPACE@109..110 " "
                  ExpressionVariable@110..111
                    LOWER@110..111 "c"
                COMMA@111..112 ","
                Comment@112..113
                  WHITESPACE@112..113 " "
                RecordPun@113..114
                  LabelName@113..114
                    LOWER@113..114 "d"
                COMMA@114..115 ","
                Comment@115..116
                  WHITESPACE@115..116 " "
                RecordField@116..120
                  LabelName@116..117
                    LOWER@116..117 "e"
                  COLON@117..118 ":"
                  Comment@118..119
                    WHITESPACE@118..119 " "
                  ExpressionVariable@119..120
                    LOWER@119..120 "f"
                RIGHT_CURLY@120..121 "}"
                Comment@121..122
                  WHITESPACE@121..122 "\n"
      LAYOUT_END@122..122 ""
      END_OF_FILE@122..122 ""
    ,
    [],
)
