---
source: crates/parsing/tests/parser.rs
expression: "(node, errors)"
snapshot_kind: text
---
(
    Module@0..187
      ModuleHeader@0..25
        MODULE@0..6 "module"
        Comment@6..7
          WHITESPACE@6..7 " "
        ModuleName@7..18
          UPPER@7..17 "TypeRecord"
          Comment@17..18
            WHITESPACE@17..18 " "
        ModuleExportList@18..18
        WHERE@18..23 "where"
        Comment@23..25
          WHITESPACE@23..25 "\n\n"
      LAYOUT_START@25..25 ""
      ModuleImports@25..25
      ModuleStatements@25..187
        ValueAnnotation@25..38
          LOWER@25..30 "empty"
          Comment@30..31
            WHITESPACE@30..31 " "
          DOUBLE_COLON@31..33 "::"
          Comment@33..34
            WHITESPACE@33..34 " "
          TypeRecord@34..38
            LEFT_CURLY@34..35 "{"
            RIGHT_CURLY@35..36 "}"
            Comment@36..38
              WHITESPACE@36..38 "\n\n"
        LAYOUT_SEPARATOR@38..38 ""
        ValueAnnotation@38..55
          LOWER@38..42 "tail"
          Comment@42..43
            WHITESPACE@42..43 " "
          DOUBLE_COLON@43..45 "::"
          Comment@45..46
            WHITESPACE@45..46 " "
          TypeRecord@46..55
            LEFT_CURLY@46..47 "{"
            Comment@47..48
              WHITESPACE@47..48 " "
            TypeRowTail@48..52
              PIPE@48..49 "|"
              Comment@49..50
                WHITESPACE@49..50 " "
              TypeVariable@50..52
                LOWER@50..51 "r"
                Comment@51..52
                  WHITESPACE@51..52 " "
            RIGHT_CURLY@52..53 "}"
            Comment@53..55
              WHITESPACE@53..55 "\n\n"
        LAYOUT_SEPARATOR@55..55 ""
        ValueAnnotation@55..78
          LOWER@55..59 "item"
          Comment@59..60
            WHITESPACE@59..60 " "
          DOUBLE_COLON@60..62 "::"
          Comment@62..63
            WHITESPACE@62..63 " "
          TypeRecord@63..78
            LEFT_CURLY@63..64 "{"
            Comment@64..65
              WHITESPACE@64..65 " "
            TypeRowItem@65..75
              LOWER@65..66 "a"
              Comment@66..67
                WHITESPACE@66..67 " "
              DOUBLE_COLON@67..69 "::"
              Comment@69..70
                WHITESPACE@69..70 " "
              TypeConstructor@70..75
                QualifiedName@70..75
                  UPPER@70..74 "Type"
                  Comment@74..75
                    WHITESPACE@74..75 " "
            RIGHT_CURLY@75..76 "}"
            Comment@76..78
              WHITESPACE@76..78 "\n\n"
        LAYOUT_SEPARATOR@78..78 ""
        ValueAnnotation@78..109
          LOWER@78..86 "itemTail"
          Comment@86..87
            WHITESPACE@86..87 " "
          DOUBLE_COLON@87..89 "::"
          Comment@89..90
            WHITESPACE@89..90 " "
          TypeRecord@90..109
            LEFT_CURLY@90..91 "{"
            Comment@91..92
              WHITESPACE@91..92 " "
            TypeRowItem@92..102
              LOWER@92..93 "a"
              Comment@93..94
                WHITESPACE@93..94 " "
              DOUBLE_COLON@94..96 "::"
              Comment@96..97
                WHITESPACE@96..97 " "
              TypeConstructor@97..102
                QualifiedName@97..102
                  UPPER@97..101 "Type"
                  Comment@101..102
                    WHITESPACE@101..102 " "
            TypeRowTail@102..106
              PIPE@102..103 "|"
              Comment@103..104
                WHITESPACE@103..104 " "
              TypeVariable@104..106
                LOWER@104..105 "r"
                Comment@105..106
                  WHITESPACE@105..106 " "
            RIGHT_CURLY@106..107 "}"
            Comment@107..109
              WHITESPACE@107..109 "\n\n"
        LAYOUT_SEPARATOR@109..109 ""
        ValueAnnotation@109..144
          LOWER@109..114 "items"
          Comment@114..115
            WHITESPACE@114..115 " "
          DOUBLE_COLON@115..117 "::"
          Comment@117..118
            WHITESPACE@117..118 " "
          TypeRecord@118..144
            LEFT_CURLY@118..119 "{"
            Comment@119..120
              WHITESPACE@119..120 " "
            TypeRowItem@120..129
              LOWER@120..121 "a"
              Comment@121..122
                WHITESPACE@121..122 " "
              DOUBLE_COLON@122..124 "::"
              Comment@124..125
                WHITESPACE@124..125 " "
              TypeConstructor@125..129
                QualifiedName@125..129
                  UPPER@125..129 "Type"
            COMMA@129..130 ","
            Comment@130..131
              WHITESPACE@130..131 " "
            TypeRowItem@131..141
              LOWER@131..132 "b"
              Comment@132..133
                WHITESPACE@132..133 " "
              DOUBLE_COLON@133..135 "::"
              Comment@135..136
                WHITESPACE@135..136 " "
              TypeConstructor@136..141
                QualifiedName@136..141
                  UPPER@136..140 "Type"
                  Comment@140..141
                    WHITESPACE@140..141 " "
            RIGHT_CURLY@141..142 "}"
            Comment@142..144
              WHITESPACE@142..144 "\n\n"
        LAYOUT_SEPARATOR@144..144 ""
        ValueAnnotation@144..187
          LOWER@144..153 "itemsTail"
          Comment@153..154
            WHITESPACE@153..154 " "
          DOUBLE_COLON@154..156 "::"
          Comment@156..157
            WHITESPACE@156..157 " "
          TypeRecord@157..187
            LEFT_CURLY@157..158 "{"
            Comment@158..159
              WHITESPACE@158..159 " "
            TypeRowItem@159..168
              LOWER@159..160 "a"
              Comment@160..161
                WHITESPACE@160..161 " "
              DOUBLE_COLON@161..163 "::"
              Comment@163..164
                WHITESPACE@163..164 " "
              TypeConstructor@164..168
                QualifiedName@164..168
                  UPPER@164..168 "Type"
            COMMA@168..169 ","
            Comment@169..170
              WHITESPACE@169..170 " "
            TypeRowItem@170..180
              LOWER@170..171 "b"
              Comment@171..172
                WHITESPACE@171..172 " "
              DOUBLE_COLON@172..174 "::"
              Comment@174..175
                WHITESPACE@174..175 " "
              TypeConstructor@175..180
                QualifiedName@175..180
                  UPPER@175..179 "Type"
                  Comment@179..180
                    WHITESPACE@179..180 " "
            TypeRowTail@180..184
              PIPE@180..181 "|"
              Comment@181..182
                WHITESPACE@181..182 " "
              TypeVariable@182..184
                LOWER@182..183 "r"
                Comment@183..184
                  WHITESPACE@183..184 " "
            RIGHT_CURLY@184..185 "}"
            Comment@185..187
              WHITESPACE@185..187 "\n\n"
      LAYOUT_END@187..187 ""
      END_OF_FILE@187..187 ""
    ,
    [],
)
