---
source: crates/parsing/tests/parser.rs
expression: "(node, errors)"
snapshot_kind: text
---
(
    Module@0..75
      ModuleHeader@0..37
        MODULE@0..6 "module"
        ModuleName@6..31
          Annotation@6..7
            TEXT@6..7 " "
          UPPER@7..31 "ValueEquationGuardBinder"
        ModuleExportList@31..31
        Annotation@31..32
          TEXT@31..32 " "
        WHERE@32..37 "where"
      LAYOUT_START@37..37 ""
      ModuleImports@37..37
      ModuleStatements@37..74
        ValueEquation@37..74
          Annotation@37..39
            TEXT@37..39 "\n\n"
          LOWER@39..40 "f"
          FunctionBinders@40..44
            BinderVariable@40..42
              Annotation@40..41
                TEXT@40..41 " "
              LOWER@41..42 "a"
            BinderVariable@42..44
              Annotation@42..43
                TEXT@42..43 " "
              LOWER@43..44 "b"
          Conditionals@44..74
            PatternGuarded@44..59
              Annotation@44..47
                TEXT@44..47 "\n  "
              PIPE@47..48 "|"
              PatternGuardBinder@48..55
                BinderVariable@48..50
                  Annotation@48..49
                    TEXT@48..49 " "
                  LOWER@49..50 "c"
                Annotation@50..51
                  TEXT@50..51 " "
                LEFT_ARROW@51..53 "<-"
                ExpressionVariable@53..55
                  QualifiedName@53..55
                    Annotation@53..54
                      TEXT@53..54 " "
                    LOWER@54..55 "a"
              Annotation@55..56
                TEXT@55..56 " "
              EQUAL@56..57 "="
              WhereExpression@57..59
                ExpressionVariable@57..59
                  QualifiedName@57..59
                    Annotation@57..58
                      TEXT@57..58 " "
                    LOWER@58..59 "c"
            PatternGuarded@59..74
              Annotation@59..62
                TEXT@59..62 "\n  "
              PIPE@62..63 "|"
              PatternGuardBinder@63..70
                BinderVariable@63..65
                  Annotation@63..64
                    TEXT@63..64 " "
                  LOWER@64..65 "d"
                Annotation@65..66
                  TEXT@65..66 " "
                LEFT_ARROW@66..68 "<-"
                ExpressionVariable@68..70
                  QualifiedName@68..70
                    Annotation@68..69
                      TEXT@68..69 " "
                    LOWER@69..70 "b"
              Annotation@70..71
                TEXT@70..71 " "
              EQUAL@71..72 "="
              WhereExpression@72..74
                ExpressionVariable@72..74
                  QualifiedName@72..74
                    Annotation@72..73
                      TEXT@72..73 " "
                    LOWER@73..74 "d"
      LAYOUT_END@74..74 ""
      Annotation@74..75
        TEXT@74..75 "\n"
      END_OF_FILE@75..75 ""
    ,
    [],
)
