---
source: tests-integration/tests/checking/generated.rs
assertion_line: 28
expression: report
---
Terms
chain ::
  forall (t1 :: Type) (a :: Type) (b :: (t1 :: Type)) (c :: Type).
    Chain (a :: Type) (b :: (t1 :: Type)) (c :: Type) => (a :: Type) -> (c :: Type)
test :: Boolean

Types
Chain :: forall (t1 :: Type). Type -> (t1 :: Type) -> Type -> Constraint

Classes
class Chain (a :: Type) (b :: (t1 :: Type)) (c :: Type)

Instances
instance Chain (Int :: Type) (String :: Type) (Boolean :: Type)
  chain: 0
