---
source: tests-integration/tests/checking/generated.rs
expression: report
---
Terms
coerceNominalSame :: Nominal Int -> Nominal Int
coerceNominalDifferent :: Nominal Int -> Nominal String

Types
Nominal :: Type -> Type

Roles
Nominal = [Nominal]

Diagnostics
error[NoInstanceFound] at 196..251: No instance found for: Coercible @Type (Nominal Int) (Nominal String)
