---
source: tests-integration/tests/checking/generated.rs
assertion_line: 28
expression: report
---
Terms
singleFieldUpdate ::
  forall (t5 :: Type) (t6 :: Row Type).
    { a :: (t5 :: Type) | (t6 :: Row Type) } -> { a :: Int | (t6 :: Row Type) }
multipleFieldUpdate ::
  forall (t10 :: Type) (t11 :: Type) (t12 :: Type) (t13 :: Row Type).
    { a :: (t10 :: Type), b :: (t11 :: Type), c :: (t12 :: Type) | (t13 :: Row Type) } ->
    { a :: Int, b :: Boolean, c :: String | (t13 :: Row Type) }
nestedRecordUpdate ::
  forall (t17 :: Type) (t18 :: Row Type) (t19 :: Row Type) (t20 :: Row Type).
    { a :: { b :: { c :: (t17 :: Type) | (t18 :: Row Type) } | (t19 :: Row Type) }
    | (t20 :: Row Type)
    } ->
    { a :: { b :: { c :: Int | (t18 :: Row Type) } | (t19 :: Row Type) } | (t20 :: Row Type) }
updateWithValueSection ::
  forall (t24 :: Type) (t26 :: Row Type).
    { a :: (t24 :: Type) | (t26 :: Row Type) } -> { a :: Int -> Int | (t26 :: Row Type) }
updateWithSectionInteraction ::
  forall (t30 :: Type) (t31 :: Type) (t32 :: Row Type).
    { a :: (t31 :: Type) | (t32 :: Row Type) } ->
    (t30 :: Type) ->
    { a :: (t30 :: Type) | (t32 :: Row Type) }
polymorphicRecordUpdate ::
  forall (t36 :: Type) (t37 :: Row Type).
    { foo :: (t36 :: Type) | (t37 :: Row Type) } -> { foo :: Int | (t37 :: Row Type) }
higherOrderContext ::
  forall (t42 :: Type) (t43 :: Row Type).
    Array { x :: (t42 :: Type) | (t43 :: Row Type) } -> Array { x :: Int | (t43 :: Row Type) }
multipleSectionsInteraction ::
  forall (t47 :: Type) (t48 :: Type) (t49 :: Type) (t50 :: Type) (t51 :: Row Type).
    { x :: (t49 :: Type), y :: (t50 :: Type) | (t51 :: Row Type) } ->
    (t47 :: Type) ->
    (t48 :: Type) ->
    { x :: (t47 :: Type), y :: (t48 :: Type) | (t51 :: Row Type) }
nestedSectionInteraction ::
  forall (t55 :: Type) (t56 :: Type) (t57 :: Row Type) (t58 :: Row Type).
    { a :: { b :: (t56 :: Type) | (t57 :: Row Type) } | (t58 :: Row Type) } ->
    (t55 :: Type) ->
    { a :: { b :: (t55 :: Type) | (t57 :: Row Type) } | (t58 :: Row Type) }
mixedSections ::
  forall (t62 :: Type) (t64 :: Type) (t65 :: Row Type).
    { a :: (t62 :: Type), b :: (t64 :: Type) | (t65 :: Row Type) } ->
    { a :: Int -> Int, b :: Int | (t65 :: Row Type) }
recordAccessSectionUpdate ::
  forall (t69 :: Type) (t71 :: Type) (t72 :: Row Type) (t73 :: Row Type).
    { a :: (t69 :: Type) | (t73 :: Row Type) } ->
    { a :: { b :: (t71 :: Type) | (t72 :: Row Type) } -> (t71 :: Type) | (t73 :: Row Type) }
concreteRecordUpdateSection :: forall (t76 :: Type). (t76 :: Type) -> { a :: (t76 :: Type) | () }
map ::
  forall (a :: Type) (b :: Type).
    ((a :: Type) -> (b :: Type)) -> Array (a :: Type) -> Array (b :: Type)
+ :: Int -> Int -> Int
add :: Int -> Int -> Int

Types
