---
source: tests-integration/tests/resolving/generated.rs
assertion_line: 12
expression: report
---
module ImportHiddenConstructor

Unqualified Imports:

Terms:

Types:
  - Hidden is Explicit

Classes:

Qualified Imports:

Exported Terms:

Exported Types:

Exported Classes:

Local Terms:

Local Types:

Local Classes:

Class Members:

Errors:
