---
source: tests-integration/tests/resolving/generated.rs
assertion_line: 12
expression: report
---
module ImportForLocalOnly

Unqualified Imports:

Terms:
  - libFn is Explicit

Types:

Classes:

Terms:
  - Id is Explicit

Types:
  - Id is Explicit

Classes:

Qualified Imports:

Exported Terms:
  - Id

Exported Types:
  - Id

Exported Classes:

Local Terms:

Local Types:

Local Classes:

Class Members:

Errors:
