---
source: tests-integration/tests/resolving/generated.rs
assertion_line: 12
expression: report
---
module ImportQualifiedHiding

Unqualified Imports:

Qualified Imports:

L Terms:
  - libFn is Implicit
  - MkLibTy is Implicit
  - Ctor1 is Implicit
  - Ctor3 is Implicit

L Types:
  - LibTy is Implicit
  - TypeOnly is Implicit

L Classes:

Exported Terms:
  - Ctor1
  - libFn
  - MkLibTy
  - Ctor3

Exported Types:
  - LibTy
  - TypeOnly

Exported Classes:

Local Terms:

Local Types:

Local Classes:

Class Members:

Errors:
