---
source: tests-integration/tests/resolving/generated.rs
assertion_line: 12
expression: report
---
module LibraryExplicit

Unqualified Imports:

Qualified Imports:

Exported Terms:
  - Id

Exported Types:
  - Hidden
  - Id

Exported Classes:

Local Terms:
  - Hidden
  - Id

Local Types:
  - Hidden
  - Id

Local Classes:

Class Members:

Errors:
