---
source: tests-integration/tests/checking/generated.rs
expression: report
---
Terms
Proxy :: forall (k :: Type) (a :: (k :: Type)). Proxy @(k :: Type) (a :: (k :: Type))
invalid :: forall (s :: Symbol). Append "hello" (s :: Symbol) "xyz" => Proxy @Symbol (s :: Symbol)
forceSolve ::
  forall (t7 :: Symbol).
    Append "hello" (t7 :: Symbol) "xyz" => { invalid :: Proxy @Symbol (t7 :: Symbol) }

Types
Proxy :: forall (k :: Type). (k :: Type) -> Type

Data
Proxy
  Quantified = :0
  Kind = :1


Roles
Proxy = [Phantom]
