---
source: crates/spago/tests/lockfile.rs
expression: sources
snapshot_kind: text
---
src/**/*.purs
test/**/*.purs
.spago/p/affjax-node-1.0.0/src/**/*.purs
.spago/p/affjax-node-1.0.0/test/**/*.purs
.spago/p/node-buffer-9.0.0/src/**/*.purs
.spago/p/node-buffer-9.0.0/test/**/*.purs
.spago/p/pipes-8.0.0/src/**/*.purs
.spago/p/pipes-8.0.0/test/**/*.purs
.spago/p/parallel-7.0.0/src/**/*.purs
.spago/p/parallel-7.0.0/test/**/*.purs
.spago/p/typelevel-prelude-7.0.0/src/**/*.purs
.spago/p/typelevel-prelude-7.0.0/test/**/*.purs
.spago/p/control-6.0.0/src/**/*.purs
.spago/p/control-6.0.0/test/**/*.purs
.spago/p/nullable-6.0.0/src/**/*.purs
.spago/p/nullable-6.0.0/test/**/*.purs
.spago/p/unicode-6.0.0/src/**/*.purs
.spago/p/unicode-6.0.0/test/**/*.purs
.spago/p/avar-5.0.1/src/**/*.purs
.spago/p/avar-5.0.1/test/**/*.purs
.spago/p/either-6.1.0/src/**/*.purs
.spago/p/either-6.1.0/test/**/*.purs
.spago/p/profunctor-6.0.1/src/**/*.purs
.spago/p/profunctor-6.0.1/test/**/*.purs
.spago/p/js-date-8.0.0/src/**/*.purs
.spago/p/js-date-8.0.0/test/**/*.purs
.spago/p/spec-node-0.0.3/src/**/*.purs
.spago/p/spec-node-0.0.3/test/**/*.purs
.spago/p/affjax-13.0.0/src/**/*.purs
.spago/p/affjax-13.0.0/test/**/*.purs
.spago/p/foreign-object-4.1.0/src/**/*.purs
.spago/p/foreign-object-4.1.0/test/**/*.purs
.spago/p/functors-5.0.0/src/**/*.purs
.spago/p/functors-5.0.0/test/**/*.purs
.spago/p/argonaut-codecs-9.1.0/src/**/*.purs
.spago/p/argonaut-codecs-9.1.0/test/**/*.purs
.spago/p/exists-6.0.0/src/**/*.purs
.spago/p/exists-6.0.0/test/**/*.purs
.spago/p/arrays-7.3.0/src/**/*.purs
.spago/p/arrays-7.3.0/test/**/*.purs
.spago/p/posix-types-6.0.0/src/**/*.purs
.spago/p/posix-types-6.0.0/test/**/*.purs
.spago/p/record-4.0.0/src/**/*.purs
.spago/p/record-4.0.0/test/**/*.purs
.spago/p/enums-6.0.1/src/**/*.purs
.spago/p/enums-6.0.1/test/**/*.purs
.spago/p/tailrec-6.1.0/src/**/*.purs
.spago/p/tailrec-6.1.0/test/**/*.purs
.spago/p/tuples-7.0.0/src/**/*.purs
.spago/p/tuples-7.0.0/test/**/*.purs
.spago/p/optparse-5.0.1/src/**/*.purs
.spago/p/optparse-5.0.1/test/**/*.purs
.spago/p/unsafe-reference-5.0.0/src/**/*.purs
.spago/p/unsafe-reference-5.0.0/test/**/*.purs
.spago/p/newtype-5.0.0/src/**/*.purs
.spago/p/newtype-5.0.0/test/**/*.purs
.spago/p/ansi-7.0.0/src/**/*.purs
.spago/p/ansi-7.0.0/test/**/*.purs
.spago/p/exceptions-6.1.0/src/**/*.purs
.spago/p/exceptions-6.1.0/test/**/*.purs
.spago/p/variant-8.0.0/src/**/*.purs
.spago/p/variant-8.0.0/test/**/*.purs
.spago/p/effect-4.0.0/src/**/*.purs
.spago/p/effect-4.0.0/test/**/*.purs
.spago/p/media-types-6.0.0/src/**/*.purs
.spago/p/media-types-6.0.0/test/**/*.purs
.spago/p/const-6.0.0/src/**/*.purs
.spago/p/const-6.0.0/test/**/*.purs
.spago/p/gen-4.0.0/src/**/*.purs
.spago/p/gen-4.0.0/test/**/*.purs
.spago/p/type-equality-4.0.1/src/**/*.purs
.spago/p/type-equality-4.0.1/test/**/*.purs
.spago/p/heterogeneous-0.6.0/src/**/*.purs
.spago/p/heterogeneous-0.6.0/test/**/*.purs
.spago/p/integers-6.0.0/src/**/*.purs
.spago/p/integers-6.0.0/test/**/*.purs
.spago/p/typelevel-lists-2.1.0/src/**/*.purs
.spago/p/typelevel-lists-2.1.0/test/**/*.purs
.spago/p/web-file-4.0.0/src/**/*.purs
.spago/p/web-file-4.0.0/test/**/*.purs
.spago/p/web-html-4.1.0/src/**/*.purs
.spago/p/web-html-4.1.0/test/**/*.purs
.spago/p/web-dom-6.0.0/src/**/*.purs
.spago/p/web-dom-6.0.0/test/**/*.purs
.spago/p/node-fs-9.2.0/src/**/*.purs
.spago/p/node-fs-9.2.0/test/**/*.purs
.spago/p/lazy-6.0.0/src/**/*.purs
.spago/p/lazy-6.0.0/test/**/*.purs
.spago/p/filterable-5.0.0/src/**/*.purs
.spago/p/filterable-5.0.0/test/**/*.purs
.spago/p/catenable-lists-7.0.0/src/**/*.purs
.spago/p/catenable-lists-7.0.0/test/**/*.purs
.spago/p/functions-6.0.0/src/**/*.purs
.spago/p/functions-6.0.0/test/**/*.purs
.spago/p/argonaut-core-7.0.0/src/**/*.purs
.spago/p/argonaut-core-7.0.0/test/**/*.purs
.spago/p/lcg-4.0.0/src/**/*.purs
.spago/p/lcg-4.0.0/test/**/*.purs
.spago/p/nonempty-7.0.0/src/**/*.purs
.spago/p/nonempty-7.0.0/test/**/*.purs
.spago/p/node-path-5.0.1/src/**/*.purs
.spago/p/node-path-5.0.1/test/**/*.purs
.spago/p/unsafe-coerce-6.0.0/src/**/*.purs
.spago/p/unsafe-coerce-6.0.0/test/**/*.purs
.spago/p/st-6.2.0/src/**/*.purs
.spago/p/st-6.2.0/test/**/*.purs
.spago/p/refs-6.0.0/src/**/*.purs
.spago/p/refs-6.0.0/test/**/*.purs
.spago/p/partial-4.0.0/src/**/*.purs
.spago/p/partial-4.0.0/test/**/*.purs
.spago/p/datetime-6.1.0/src/**/*.purs
.spago/p/datetime-6.1.0/test/**/*.purs
.spago/p/node-event-emitter-3.0.0/src/**/*.purs
.spago/p/node-event-emitter-3.0.0/test/**/*.purs
.spago/p/foreign-7.0.0/src/**/*.purs
.spago/p/foreign-7.0.0/test/**/*.purs
.spago/p/numbers-9.0.1/src/**/*.purs
.spago/p/numbers-9.0.1/test/**/*.purs
.spago/p/aff-8.0.0/src/**/*.purs
.spago/p/aff-8.0.0/test/**/*.purs
.spago/p/safe-coerce-2.0.0/src/**/*.purs
.spago/p/safe-coerce-2.0.0/test/**/*.purs
.spago/p/random-6.0.0/src/**/*.purs
.spago/p/random-6.0.0/test/**/*.purs
.spago/p/affjax-web-1.0.0/src/**/*.purs
.spago/p/affjax-web-1.0.0/test/**/*.purs
.spago/p/free-7.1.0/src/**/*.purs
.spago/p/free-7.1.0/test/**/*.purs
.spago/p/string-parsers-8.0.0/src/**/*.purs
.spago/p/string-parsers-8.0.0/test/**/*.purs
.spago/p/form-urlencoded-7.0.0/src/**/*.purs
.spago/p/form-urlencoded-7.0.0/test/**/*.purs
.spago/p/web-xhr-5.0.1/src/**/*.purs
.spago/p/web-xhr-5.0.1/test/**/*.purs
.spago/p/ordered-collections-3.2.0/src/**/*.purs
.spago/p/ordered-collections-3.2.0/test/**/*.purs
.spago/p/transformers-6.1.0/src/**/*.purs
.spago/p/transformers-6.1.0/test/**/*.purs
.spago/p/distributive-6.0.0/src/**/*.purs
.spago/p/distributive-6.0.0/test/**/*.purs
.spago/p/web-events-4.0.0/src/**/*.purs
.spago/p/web-events-4.0.0/test/**/*.purs
.spago/p/node-streams-9.0.1/src/**/*.purs
.spago/p/node-streams-9.0.1/test/**/*.purs
.spago/p/console-6.1.0/src/**/*.purs
.spago/p/console-6.1.0/test/**/*.purs
.spago/p/debug-6.0.2/src/**/*.purs
.spago/p/debug-6.0.2/test/**/*.purs
.spago/p/fork-6.0.0/src/**/*.purs
.spago/p/fork-6.0.0/test/**/*.purs
.spago/p/exitcodes-4.0.0/src/**/*.purs
.spago/p/exitcodes-4.0.0/test/**/*.purs
.spago/p/spec-discovery-8.4.0/src/**/*.purs
.spago/p/spec-discovery-8.4.0/test/**/*.purs
.spago/p/unfoldable-6.0.0/src/**/*.purs
.spago/p/unfoldable-6.0.0/test/**/*.purs
.spago/p/web-storage-5.0.0/src/**/*.purs
.spago/p/web-storage-5.0.0/test/**/*.purs
.spago/p/spec-8.1.1/src/**/*.purs
.spago/p/spec-8.1.1/test/**/*.purs
.spago/p/mmorph-7.0.0/src/**/*.purs
.spago/p/mmorph-7.0.0/test/**/*.purs
.spago/p/open-memoize-6.2.0/src/**/*.purs
.spago/p/open-memoize-6.2.0/test/**/*.purs
.spago/p/foldable-traversable-6.0.0/src/**/*.purs
.spago/p/foldable-traversable-6.0.0/test/**/*.purs
.spago/p/bifunctors-6.1.0/src/**/*.purs
.spago/p/bifunctors-6.1.0/test/**/*.purs
.spago/p/http-methods-6.0.0/src/**/*.purs
.spago/p/http-methods-6.0.0/test/**/*.purs
.spago/p/invariant-6.0.0/src/**/*.purs
.spago/p/invariant-6.0.0/test/**/*.purs
.spago/p/contravariant-6.0.0/src/**/*.purs
.spago/p/contravariant-6.0.0/test/**/*.purs
.spago/p/node-process-11.2.0/src/**/*.purs
.spago/p/node-process-11.2.0/test/**/*.purs
.spago/p/orders-6.0.0/src/**/*.purs
.spago/p/orders-6.0.0/test/**/*.purs
.spago/p/halogen-subscriptions-2.0.0/src/**/*.purs
.spago/p/halogen-subscriptions-2.0.0/test/**/*.purs
.spago/p/prelude-6.0.2/src/**/*.purs
.spago/p/prelude-6.0.2/test/**/*.purs
.spago/p/now-6.0.0/src/**/*.purs
.spago/p/now-6.0.0/test/**/*.purs
.spago/p/arraybuffer-types-3.0.2/src/**/*.purs
.spago/p/arraybuffer-types-3.0.2/test/**/*.purs
.spago/p/identity-6.0.0/src/**/*.purs
.spago/p/identity-6.0.0/test/**/*.purs
.spago/p/psci-support-6.0.0/src/**/*.purs
.spago/p/psci-support-6.0.0/test/**/*.purs
.spago/p/lists-7.0.0/src/**/*.purs
.spago/p/lists-7.0.0/test/**/*.purs
.spago/p/js-uri-3.1.0/src/**/*.purs
.spago/p/js-uri-3.1.0/test/**/*.purs
.spago/p/quickcheck-8.0.1/src/**/*.purs
.spago/p/quickcheck-8.0.1/test/**/*.purs
.spago/p/strings-6.0.1/src/**/*.purs
.spago/p/strings-6.0.1/test/**/*.purs
.spago/p/typelevel-peano-1.0.1/src/**/*.purs
.spago/p/typelevel-peano-1.0.1/test/**/*.purs
.spago/p/maybe-6.0.0/src/**/*.purs
.spago/p/maybe-6.0.0/test/**/*.purs
.spago/p/graphql-client/fe24db5f0a79137edb1019b5757ce70d44efae10/src/**/*.purs
.spago/p/graphql-client/fe24db5f0a79137edb1019b5757ce70d44efae10/test/**/*.purs
