---
source: tests-integration/tests/checking/generated.rs
assertion_line: 28
expression: report
---
Terms
deriveUnion ::
  forall (u :: Row Type).
    Union @Type ( a :: Int ) ( b :: String ) (u :: Row Type) => Proxy @(Row Type) (u :: Row Type)
deriveUnionLeft ::
  forall (l :: Row Type).
    Union @Type (l :: Row Type) ( b :: String ) ( a :: Int, b :: String ) =>
    Proxy @(Row Type) (l :: Row Type)
deriveUnionRight ::
  forall (r :: Row Type).
    Union @Type ( a :: Int ) (r :: Row Type) ( a :: Int, b :: String ) =>
    Proxy @(Row Type) (r :: Row Type)
unionEmptyLeft ::
  forall (u :: Row Type).
    Union @Type () ( a :: Int ) (u :: Row Type) => Proxy @(Row Type) (u :: Row Type)
unionEmptyRight ::
  forall (u :: Row Type).
    Union @Type ( a :: Int ) () (u :: Row Type) => Proxy @(Row Type) (u :: Row Type)
unionBothEmpty ::
  forall (t12 :: Type) (u :: Row (t12 :: Type)).
    Union @(t12 :: Type) () () (u :: Row (t12 :: Type)) =>
    Proxy @(Row (t12 :: Type)) (u :: Row (t12 :: Type))
unionMultiple ::
  forall (u :: Row Type).
    Union @Type ( a :: Int, b :: String ) ( c :: Boolean ) (u :: Row Type) =>
    Proxy @(Row Type) (u :: Row Type)
deriveCons ::
  forall (row :: Row Type).
    Cons @Type "name" String () (row :: Row Type) => Proxy @(Row Type) (row :: Row Type)
deriveTail ::
  forall (tail :: Row Type).
    Cons @Type "name" String (tail :: Row Type) ( age :: Int, name :: String ) =>
    Proxy @(Row Type) (tail :: Row Type)
deriveType ::
  forall (t :: Type). Cons @Type "name" (t :: Type) () ( name :: String ) => Proxy @Type (t :: Type)
nestedCons ::
  forall (row :: Row Type).
    Cons @Type "a" Int ( b :: String ) (row :: Row Type) => Proxy @(Row Type) (row :: Row Type)
lacksSimple ::
  forall (t25 :: Type) (r :: (t25 :: Type)).
    Lacks @Type "missing" ( a :: Int, b :: String ) =>
    Proxy @(t25 :: Type) (r :: (t25 :: Type)) -> Proxy @(t25 :: Type) (r :: (t25 :: Type))
lacksEmpty ::
  forall (t29 :: Type) (t28 :: Type) (r :: (t29 :: Type)).
    Lacks @(t28 :: Type) "anything" () =>
    Proxy @(t29 :: Type) (r :: (t29 :: Type)) -> Proxy @(t29 :: Type) (r :: (t29 :: Type))
nubNoDuplicates ::
  forall (nubbed :: Row Type).
    Nub @Type ( a :: Int, b :: String ) (nubbed :: Row Type) =>
    Proxy @(Row Type) (nubbed :: Row Type)
nubEmpty ::
  forall (t34 :: Type) (nubbed :: Row (t34 :: Type)).
    Nub @(t34 :: Type) () (nubbed :: Row (t34 :: Type)) =>
    Proxy @(Row (t34 :: Type)) (nubbed :: Row (t34 :: Type))
solveUnion ::
  forall (t42 :: Row Type) (t41 :: Row Type) (t40 :: Row Type) (t39 :: Type)
    (t38 :: Row (t39 :: Type)) (t37 :: Row Type) (t36 :: Row Type) (t35 :: Row Type).
    { deriveUnion :: Proxy @(Row Type) (t42 :: Row Type)
    , deriveUnionLeft :: Proxy @(Row Type) (t41 :: Row Type)
    , deriveUnionRight :: Proxy @(Row Type) (t40 :: Row Type)
    , unionBothEmpty :: Proxy @(Row (t39 :: Type)) (t38 :: Row (t39 :: Type))
    , unionEmptyLeft :: Proxy @(Row Type) (t37 :: Row Type)
    , unionEmptyRight :: Proxy @(Row Type) (t36 :: Row Type)
    , unionMultiple :: Proxy @(Row Type) (t35 :: Row Type)
    }
solveCons ::
  forall (t46 :: Row Type) (t45 :: Row Type) (t44 :: Type) (t43 :: Row Type).
    { deriveCons :: Proxy @(Row Type) (t46 :: Row Type)
    , deriveTail :: Proxy @(Row Type) (t45 :: Row Type)
    , deriveType :: Proxy @Type (t44 :: Type)
    , nestedCons :: Proxy @(Row Type) (t43 :: Row Type)
    }
solveLacks ::
  forall (t50 :: Type) (t49 :: (t50 :: Type)) (t48 :: Type) (t47 :: (t48 :: Type)).
    { lacksEmpty :: Proxy @(t50 :: Type) (t49 :: (t50 :: Type))
    , lacksSimple :: Proxy @(t48 :: Type) (t47 :: (t48 :: Type))
    }
solveNub ::
  forall (t53 :: Type) (t52 :: Row (t53 :: Type)) (t51 :: Row Type).
    { nubEmpty :: Proxy @(Row (t53 :: Type)) (t52 :: Row (t53 :: Type))
    , nubNoDuplicates :: Proxy @(Row Type) (t51 :: Row Type)
    }

Types
