---
source: tests-integration/tests/checking/generated.rs
expression: report
---
Terms
Pair ::
  forall (t1 :: Type) (a :: Type) (b :: (t1 :: Type)).
    (a :: Type) -> Pair @(t1 :: Type) (a :: Type) (b :: ???)

Types
Pair :: forall (t1 :: Type). Type -> (t1 :: Type) -> Type

Data
Pair
  Quantified = :1
  Kind = :0


Roles
Pair = [Representational, Phantom]

Derived
derive Show (Pair @Type Int String :: Type)
