---
source: tests-integration/tests/checking/generated.rs
expression: report
---
Terms
Proxy :: forall (t0 :: Type) (a :: t0). Proxy @t0 a
test ::
  forall (t18 :: Type) (t19 :: Type) (t22 :: Type) (r1 :: t18) (r2 :: t19) (r :: t22).
    IsZero @Type @t18 Z r1 => IsZero @Type @t19 Z r2 => And @t18 @t19 @t22 r1 r2 r => Proxy @t22 r
forceSolve :: { test :: Proxy @Boolean True }

Types
Proxy :: forall (t0 :: Type). t0 -> Type
IsZero :: forall (t1 :: Type) (t2 :: Type). t1 -> t2 -> Constraint
Z :: Type
S :: Type -> Type
And :: forall (t3 :: Type) (t4 :: Type) (t5 :: Type). t3 -> t4 -> t5 -> Constraint

Data
Proxy
  Quantified = :1
  Kind = :0


Classes
class IsZero (&2 :: &0) (&3 :: &1)
class And (&3 :: &0) (&4 :: &1) (&5 :: &2)

Instances
instance IsZero (Z :: Type) (True :: Boolean)
  chain: 0
instance IsZero (S &0 :: Type) (False :: Boolean)
  chain: 0
instance And (True :: Boolean) (True :: Boolean) (True :: Boolean)
  chain: 0
instance And (True :: Boolean) (False :: Boolean) (False :: Boolean)
  chain: 0
instance And (False :: Boolean) (True :: Boolean) (False :: Boolean)
  chain: 0
instance And (False :: Boolean) (False :: Boolean) (False :: Boolean)
  chain: 0
