---
source: tests-integration/tests/checking/generated.rs
expression: report
---
Terms
Tuple :: forall (a :: Type) (b :: Type). (a :: Type) -> (b :: Type) -> Tuple (a :: Type) (b :: Type)
bind :: forall (a :: Type) (b :: Type). (a :: Type) -> ((a :: Type) -> (b :: Type)) -> (b :: Type)
discard ::
  forall (a :: Type) (b :: Type). (a :: Type) -> ((a :: Type) -> (b :: Type)) -> (b :: Type)
test :: Tuple Int String
test' :: Tuple Int String

Types
Tuple :: Type -> Type -> Type

Data
Tuple
  Quantified = :0
  Kind = :0


Roles
Tuple = [Representational, Representational]
