---
source: tests-integration/tests/lsp/generated.rs
expression: report
---
References at Position { line: 4, character: 7 }

```
test = Just
--     %
```

file:///tests-integration/fixtures/lsp/023_references_duplicate/Main.purs @ 4:7..4:11
file:///tests-integration/fixtures/lsp/023_references_duplicate/External.purs @ 10:8..10:15
file:///tests-integration/fixtures/lsp/023_references_duplicate/External.purs @ 11:8..11:16
file:///tests-integration/fixtures/lsp/023_references_duplicate/External.purs @ 9:8..9:14
file:///tests-integration/fixtures/lsp/023_references_duplicate/External.purs @ 8:8..8:12
