---
source: tests-integration/tests/checking/generated.rs
expression: report
---
Terms
Proxy :: forall (k :: Type) (a :: k). Proxy @k a
failBasic :: forall (a :: Type). Fail (Text "This operation is not allowed") => a -> a
useFailBasic :: Int
failComplex ::
  forall (t8 :: Type) (a :: t8).
    Fail (Above (Text "Error:") (Beside (Text "Type ") (Quote @t8 a))) => Proxy @t8 a -> Proxy @t8 a
useFailComplex :: Proxy @Type String

Types
Proxy :: forall (k :: Type). k -> Type

Data
Proxy
  Quantified = :0
  Kind = :1


Roles
Proxy = [Phantom]

Errors
CustomFailure { .. } at [TermDeclaration(Idx::<TermItem>(2))]
  This operation is not allowed
CustomFailure { .. } at [TermDeclaration(Idx::<TermItem>(4))]
  Error:
  Type String
