---
source: tests-integration/tests/resolving/generated.rs
assertion_line: 12
expression: report
---
module LibraryB

Unqualified Imports:

Qualified Imports:

Exported Terms:
  - html

Exported Types:
  - Html

Exported Classes:

Local Terms:
  - html

Local Types:
  - Html

Local Classes:

Class Members:

Errors:
