---
source: tests-integration/tests/checking/generated.rs
expression: report
---
Terms
show :: forall (a :: Type). Show (a :: Type) => (a :: Type) -> String
eq :: forall (a :: Type). Eq (a :: Type) => (a :: Type) -> (a :: Type) -> Boolean
showIt :: forall (a :: Type). Show (a :: Type) => (a :: Type) -> String
compare ::
  forall (a :: Type). Show (a :: Type) => Eq (a :: Type) => (a :: Type) -> (a :: Type) -> String
showFn :: forall (a :: Type). ShowFunction (a :: Type)
constrainedReturn ::
  forall (a :: Type). Show (a :: Type) => (a :: Type) -> ReturnsString (a :: Type)
nested :: forall (a :: Type). Eq (a :: Type) => NestedConstraint (a :: Type)

Types
Show :: Type -> Constraint
Eq :: Type -> Constraint
ShowFunction :: Type -> Type
ReturnsString :: Type -> Type
NestedConstraint :: Type -> Type

Synonyms
ShowFunction = forall (a :: Type). Show (a :: Type) => (a :: Type) -> String
  Quantified = :0
  Kind = :0
  Type = :1

ReturnsString = forall (a :: Type). (a :: Type) -> String
  Quantified = :0
  Kind = :0
  Type = :1

NestedConstraint = forall (a :: Type) (b :: Type). Show (b :: Type) => (a :: Type) -> (b :: Type) -> String
  Quantified = :0
  Kind = :0
  Type = :1


Classes
class Show (&0 :: Type)
class Eq (&0 :: Type)
