---
source: tests-integration/tests/checking/generated.rs
expression: report
---
Terms
show :: forall (a :: Type). Show a => a -> String
eq :: forall (a :: Type). Eq a => a -> a -> Boolean
showIt :: forall (a :: Type). Show a => a -> String
compare :: forall (a :: Type). Show a => Eq a => a -> a -> String
showFn :: forall (a :: Type). ShowFunction a
constrainedReturn :: forall (a :: Type). Show a => a -> ReturnsString a
nested :: forall (a :: Type). Eq a => NestedConstraint a

Types
Show :: Type -> Constraint
Eq :: Type -> Constraint
ShowFunction :: Type -> Type
ReturnsString :: Type -> Type
NestedConstraint :: Type -> Type

Synonyms
ShowFunction = forall (a :: Type). Show a => a -> String
  Quantified = :0
  Kind = :0
  Type = :1

ReturnsString = forall (a :: Type). a -> String
  Quantified = :0
  Kind = :0
  Type = :1

NestedConstraint = forall (a :: Type) (b :: Type). Show b => a -> b -> String
  Quantified = :0
  Kind = :0
  Type = :1


Errors
CannotUnify { ???, String } at [TermDeclaration(Idx::<TermItem>(2))]
CannotUnify { ???, Boolean } at [TermDeclaration(Idx::<TermItem>(3))]
CannotUnify { ???, String } at [TermDeclaration(Idx::<TermItem>(3))]
CannotUnify { ???, String } at [TermDeclaration(Idx::<TermItem>(4))]
CannotUnify { ???, String } at [TermDeclaration(Idx::<TermItem>(5))]
CannotUnify { ???, String } at [TermDeclaration(Idx::<TermItem>(6))]
