---
source: tests-integration/tests/checking/generated.rs
expression: report
---
Terms
foo0 :: forall (a :: Type). (a :: Type) -> (a :: Type) -> Int
foo1 :: forall (a :: Type). (a :: Type) -> (a :: Type) -> Int
foo2 :: forall (a :: Type). (a :: Type) -> (a :: Type) -> Int
bar0 :: forall (a :: Type). ReturnsInt (a :: Type) -> ReturnsInt (a :: Type)
bar1 :: forall (a :: Type). ReturnsInt (a :: Type) -> ReturnsInt (a :: Type)
bar2 :: forall (a :: Type). ReturnsInt (a :: Type) -> ReturnsInt (a :: Type)

Types
ReturnsInt :: Type -> Type

Synonyms
ReturnsInt = forall (a :: Type). (a :: Type) -> Int
  Quantified = :0
  Kind = :0
  Type = :1
