---
source: tests-integration/tests/checking/generated.rs
assertion_line: 28
expression: report
---
Terms
testPartialHello :: String -> Int
testPartialWorld :: String -> Int
testWildcard :: String -> Int

Types

Diagnostics
warning[MissingPatterns]: Pattern match is not exhaustive. Missing: _
  --> 4:22..5:15
  |
4 | testPartialHello s = case s of
  |                      ^~~~~~~~~
warning[MissingPatterns]: Pattern match is not exhaustive. Missing: _
  --> 8:22..9:15
  |
8 | testPartialWorld s = case s of
  |                      ^~~~~~~~~
