---
source: tests-integration/tests/checking.rs
assertion_line: 974
expression: checked.errors
---
[
    CheckError {
        kind: RecursiveSynonymExpansion {
            file_id: Idx::<File>(9),
            item_id: Idx::<TypeItem>(0),
        },
        step: [
            TermDeclaration(
                Idx::<TermItem>(0),
            ),
            CheckingKind(
                AstId<syntax::cst::Type>(12),
            ),
            CheckingKind(
                AstId<syntax::cst::Type>(13),
            ),
        ],
    },
    CheckError {
        kind: RecursiveSynonymExpansion {
            file_id: Idx::<File>(9),
            item_id: Idx::<TypeItem>(0),
        },
        step: [
            TermDeclaration(
                Idx::<TermItem>(0),
            ),
            CheckingKind(
                AstId<syntax::cst::Type>(12),
            ),
            CheckingKind(
                AstId<syntax::cst::Type>(14),
            ),
        ],
    },
    CheckError {
        kind: RecursiveSynonymExpansion {
            file_id: Idx::<File>(9),
            item_id: Idx::<TypeItem>(2),
        },
        step: [
            TermDeclaration(
                Idx::<TermItem>(1),
            ),
            CheckingKind(
                AstId<syntax::cst::Type>(22),
            ),
            CheckingKind(
                AstId<syntax::cst::Type>(23),
            ),
        ],
    },
    CheckError {
        kind: RecursiveSynonymExpansion {
            file_id: Idx::<File>(9),
            item_id: Idx::<TypeItem>(2),
        },
        step: [
            TermDeclaration(
                Idx::<TermItem>(1),
            ),
            CheckingKind(
                AstId<syntax::cst::Type>(22),
            ),
            CheckingKind(
                AstId<syntax::cst::Type>(24),
            ),
        ],
    },
]
