---
source: tests-integration/tests/lowering.rs
expression: report
---
module Main

Expressions:


Types:

44..46
  resolves to forall 41..43
49..51
  resolves to forall 41..43
84..86
  resolves to forall 41..43
93..95
  resolves to forall 41..43
123..125
  resolves to forall 120..122
125..127
  resolves to forall 78..87
130..132
  resolves to forall 120..122
132..134
  resolves to forall 87..96
144..146
  resolves to forall 153..155
174..176
  resolves to forall 153..155
179..181
  resolves to forall 153..155
