---
source: tests-integration/tests/lsp.rs
expression: report
---
GotoDefinition at Position { line: 2, character: 18 }

```
type Definition = Type
--                @
```

file:///temporary-directory/Prim.purs @ 2:0..3:9


Hover at Position { line: 5, character: 13 }

```
type Hover = Type
--           $
```

```purescript
data Type :: Type
```


Completion at Position { line: 8, character: 20 }

```
type Completion = Ty
--                  ^
```

╭──────────┬────────────────┬─────────────────────┬─────────────────────────╮
│  label   │  label_detail  │  label_description  │  additional_text_edits  │
├──────────┼────────────────┼─────────────────────┼─────────────────────────┤
│  Symbol  │   ...          │  Prim               │  ...                    │
├──────────┼────────────────┼─────────────────────┼─────────────────────────┤
│  Type    │   ...          │  Prim               │  ...                    │
╰──────────┴────────────────┴─────────────────────┴─────────────────────────╯
