---
source: tests-integration/tests/lsp.rs
expression: report
---
Completion at Position { line: 2, character: 9 }

```
test1 = +
--       ^
```

╭─────────┬─────────────────┬─────────────────────┬─────────────┬───────────────┬─────────────┬─────────────────────────╮
│  label  │  label_detail   │  label_description  │  sort_text  │  filter_text  │  text_edit  │  additional_text_edits  │
├─────────┼─────────────────┼─────────────────────┼─────────────┼───────────────┼─────────────┼─────────────────────────┤
│  +      │   (import Lib)  │  Lib                │  Lib.+      │  +            │  2:8..2:9   │  1:0..1:0               │
│         │                 │                     │             │               │  +          │  import Lib ((+))       │
╰─────────┴─────────────────┴─────────────────────┴─────────────┴───────────────┴─────────────┴─────────────────────────╯


Completion at Position { line: 5, character: 10 }

```
test2 = (+)
--        ^
```

╭─────────┬─────────────────┬─────────────────────┬─────────────┬───────────────┬─────────────┬─────────────────────────╮
│  label  │  label_detail   │  label_description  │  sort_text  │  filter_text  │  text_edit  │  additional_text_edits  │
├─────────┼─────────────────┼─────────────────────┼─────────────┼───────────────┼─────────────┼─────────────────────────┤
│  +      │   (import Lib)  │  Lib                │  Lib.+      │  +            │  5:9..5:10  │  1:0..1:0               │
│         │                 │                     │             │               │  +          │  import Lib ((+))       │
╰─────────┴─────────────────┴─────────────────────┴─────────────┴───────────────┴─────────────┴─────────────────────────╯


Completion at Position { line: 8, character: 9 }

```
test3 = >
--       ^
```

╭─────────┬─────────────────┬─────────────────────┬─────────────┬───────────────┬─────────────┬─────────────────────────╮
│  label  │  label_detail   │  label_description  │  sort_text  │  filter_text  │  text_edit  │  additional_text_edits  │
├─────────┼─────────────────┼─────────────────────┼─────────────┼───────────────┼─────────────┼─────────────────────────┤
│  >>=    │   (import Lib)  │  Lib                │  Lib.>>=    │  >>=          │  8:8..8:9   │  1:0..1:0               │
│         │                 │                     │             │               │  >>=        │  import Lib ((>>=))     │
╰─────────┴─────────────────┴─────────────────────┴─────────────┴───────────────┴─────────────┴─────────────────────────╯


Completion at Position { line: 11, character: 10 }

```
test4 = (>)
--        ^
```

╭─────────┬─────────────────┬─────────────────────┬─────────────┬───────────────┬───────────────┬─────────────────────────╮
│  label  │  label_detail   │  label_description  │  sort_text  │  filter_text  │  text_edit    │  additional_text_edits  │
├─────────┼─────────────────┼─────────────────────┼─────────────┼───────────────┼───────────────┼─────────────────────────┤
│  >>=    │   (import Lib)  │  Lib                │  Lib.>>=    │  >>=          │  11:9..11:10  │  1:0..1:0               │
│         │                 │                     │             │               │  >>=          │  import Lib ((>>=))     │
╰─────────┴─────────────────┴─────────────────────┴─────────────┴───────────────┴───────────────┴─────────────────────────╯
