---
source: tests-integration/tests/resolving.rs
expression: report
snapshot_kind: text
---
module ImportQualifiedHiding

Unqualified Imports:

Qualified Imports:

L Terms:
  - MkLibTy is Implicit
  - Ctor3 is Implicit
  - libFn is Implicit
  - Ctor1 is Implicit

L Types:
  - LibTy is Implicit
  - TypeOnly is Implicit

Exported Terms:
  - libFn
  - MkLibTy
  - Ctor1
  - Ctor3

Exported Types:
  - LibTy
  - TypeOnly

Local Terms:

Local Types:

Errors:
