---
source: tests-integration/tests/checking/generated.rs
assertion_line: 28
expression: report
---
Terms
Just :: forall (a :: Type). (a :: Type) -> Maybe (a :: Type)
Nothing :: forall (a :: Type). Maybe (a :: Type)
fromJust :: forall (a :: Type). Partial => Maybe (a :: Type) -> (a :: Type)
deleteAt :: forall (a :: Type). Int -> Array (a :: Type) -> Maybe (Array (a :: Type))
apply :: forall (a :: Type) (b :: Type). ((a :: Type) -> (b :: Type)) -> (a :: Type) -> (b :: Type)
$ :: forall (a :: Type) (b :: Type). ((a :: Type) -> (b :: Type)) -> (a :: Type) -> (b :: Type)
test :: Int
test' :: Int
test2 :: Array Int -> Array Int

Types
Maybe :: Type -> Type

Data
Maybe
  Quantified = :0
  Kind = :0


Roles
Maybe = [Representational]

Diagnostics
warning[MissingPatterns]: Pattern match is not exhaustive. Missing: Nothing
  --> 7:1..7:46
  |
7 | fromJust :: forall a. Partial => Maybe a -> a
  | ^~~~~~~~~~~~~~~~~~~~~~~~~~~~~~~~~~~~~~~~~~~~~
