---
source: tests-integration/tests/checking/generated.rs
assertion_line: 28
expression: report
---
Terms
UserId :: Int -> UserId
wrapUserId :: Int -> UserId
unwrapUserId :: UserId -> Int
Wrapper :: forall (a :: Type). (a :: Type) -> Wrapper (a :: Type)
wrapWrapper :: forall (a :: Type). (a :: Type) -> Wrapper (a :: Type)
unwrapWrapper :: forall (a :: Type). Wrapper (a :: Type) -> (a :: Type)

Types
UserId :: Type
Wrapper :: Type -> Type

Data
UserId
  Quantified = :0
  Kind = :0

Wrapper
  Quantified = :0
  Kind = :0


Roles
UserId = []
Wrapper = [Representational]

Derived
derive Newtype (UserId :: Type) (Int :: Type)
derive Newtype (Wrapper (a :: Type) :: Type) ((a :: Type) :: Type)
