---
source: tests-integration/tests/checking/generated.rs
expression: report
---
Terms
+ :: Int -> Int -> Int
Tuple :: forall (a :: Type) (b :: Type). a -> b -> Tuple a b
add :: Int -> Int -> Int
negate :: Int -> Int
test1 :: Int -> Int
test2 :: Int -> Int
test3 :: Int -> Int -> Int
test4 :: forall (t15 :: Type) (t16 :: Row Type). { foo :: t15 | t16 } -> t15
test5 :: forall (t20 :: Type) (t21 :: Row Type). { foo :: t20 | t21 } -> { foo :: Int | t21 }
test6 :: forall (t27 :: Type). Boolean -> t27 -> t27 -> t27
test7 :: Int -> Int
test8 :: Int -> Int
test9 :: Int -> Int -> Int
test10 :: forall (t41 :: Type). ((Int -> Int) -> t41) -> t41
test11 :: forall (t48 :: Type). t48 -> Array t48
test12 :: forall (t51 :: Type). t51 -> { foo :: t51 }
test13 :: forall (t54 :: Type). t54 -> t54
test14 :: forall (t59 :: Type). t59 -> t59 -> Array t59
test15 :: forall (t62 :: Type) (t63 :: Type). t62 -> t63 -> { a :: t62, b :: t63 }
test16 :: forall (t67 :: Type). t67 -> Tuple t67 Int
test17 :: Tuple String Int
test18 :: Int -> Int

Types
Tuple :: Type -> Type -> Type

Data
Tuple
  Quantified = :0
  Kind = :0


Roles
Tuple = [Representational, Representational]
