---
source: tests-integration/tests/checking/generated.rs
assertion_line: 28
expression: report
---
Terms
+ :: Int -> Int -> Int
Tuple :: forall (a :: Type) (b :: Type). (a :: Type) -> (b :: Type) -> Tuple (a :: Type) (b :: Type)
add :: Int -> Int -> Int
negate :: Int -> Int
test1 :: Int -> Int
test2 :: Int -> Int
test3 :: Int -> Int -> Int
test4 ::
  forall (t15 :: Type) (t16 :: Row Type).
    { foo :: (t15 :: Type) | (t16 :: Row Type) } -> (t15 :: Type)
test5 ::
  forall (t20 :: Type) (t21 :: Row Type).
    { foo :: (t20 :: Type) | (t21 :: Row Type) } -> { foo :: Int | (t21 :: Row Type) }
test6 :: forall (t27 :: Type). Boolean -> (t27 :: Type) -> (t27 :: Type) -> (t27 :: Type)
test7 :: Int -> Int
test8 :: Int -> Int
test9 :: Int -> Int -> Int
test10 :: forall (t41 :: Type). ((Int -> Int) -> (t41 :: Type)) -> (t41 :: Type)
test11 :: forall (t49 :: Type). (t49 :: Type) -> Array (t49 :: Type)
test12 :: forall (t52 :: Type). (t52 :: Type) -> { foo :: (t52 :: Type) }
test13 :: forall (t55 :: Type). (t55 :: Type) -> (t55 :: Type)
test14 :: forall (t60 :: Type). (t60 :: Type) -> (t60 :: Type) -> Array (t60 :: Type)
test15 ::
  forall (t63 :: Type) (t64 :: Type).
    (t63 :: Type) -> (t64 :: Type) -> { a :: (t63 :: Type), b :: (t64 :: Type) }
test16 :: forall (t68 :: Type). (t68 :: Type) -> Tuple (t68 :: Type) Int
test17 :: Tuple String Int
test18 :: Int -> Int

Types
Tuple :: Type -> Type -> Type

Data
Tuple
  Quantified = :0
  Kind = :0


Roles
Tuple = [Representational, Representational]
