---
source: tests-integration/tests/checking2/generated.rs
assertion_line: 28
expression: report
---
Terms
Left :: forall (a :: Type) (b :: Type). (a :: Type) -> Either (a :: Type) (b :: Type)
Right :: forall (a :: Type) (b :: Type). (b :: Type) -> Either (a :: Type) (b :: Type)
Pair :: forall (a :: Type) (b :: Type). (a :: Type) -> (b :: Type) -> Pair (a :: Type) (b :: Type)
Const2 ::
  forall (t8 :: Type) (t7 :: Type) (e :: Type) (a :: (t8 :: Type)) (b :: (t7 :: Type)).
    (e :: Type) ->
    Const2 @(t8 :: Type) @(t7 :: Type) (e :: Type) (a :: (t8 :: Type)) (b :: (t7 :: Type))

Types
Either :: Type -> Type -> Type
Pair :: Type -> Type -> Type
Const2 :: forall (t8 :: Type) (t7 :: Type). Type -> (t8 :: Type) -> (t7 :: Type) -> Type

Derived
derive Bifunctor Either
derive Bifunctor Pair
derive forall (t9 :: Type). Bifunctor (Const2 @Type @Type (t9 :: Type))

Roles
Either = [Representational, Representational]
Pair = [Representational, Representational]
Const2 = [Representational, Phantom, Phantom]
