---
source: tests-integration/tests/lsp/generated.rs
assertion_line: 12
expression: report
---
Completion at Position { line: 4, character: 9 }

```
check = [ ]
--       ^
```

╭─────────┬────────────────┬─────────────────────┬─────────────┬───────────────┬────────────────────────────────────────────────────┬─────────────┬─────────────────────────╮
│  label  │  label_detail  │  label_description  │  sort_text  │  filter_text  │  detail                                            │  text_edit  │  additional_text_edits  │
├─────────┼────────────────┼─────────────────────┼─────────────┼───────────────┼────────────────────────────────────────────────────┼─────────────┼─────────────────────────┤
│  life   │   ...          │  Local              │  life       │  life         │  life :: Int                                       │  ...        │  ...                    │
├─────────┼────────────────┼─────────────────────┼─────────────┼───────────────┼────────────────────────────────────────────────────┼─────────────┼─────────────────────────┤
│  check  │   ...          │  Local              │  check      │  check        │  check :: forall (t0 :: Type). Array (t0 :: Type)  │  ...        │  ...                    │
╰─────────┴────────────────┴─────────────────────┴─────────────┴───────────────┴────────────────────────────────────────────────────┴─────────────┴─────────────────────────╯
