---
source: tests-integration/tests/checking/generated.rs
expression: report
---
Terms
Tuple :: forall (a :: Type) (b :: Type). a -> b -> Tuple a b
bind :: forall (m :: Type -> Type) (a :: Type) (b :: Type). m a -> (a -> m b) -> m b
discard :: forall (m :: Type -> Type) (a :: Type) (b :: Type). m a -> (a -> m b) -> m b
pure :: forall (m :: Type -> Type) (a :: Type). a -> m a
test :: forall (m :: Type -> Type). m (Tuple Int String)
test' :: forall (t58 :: Type -> Type). t58 (Tuple Int String)

Types
Tuple :: Type -> Type -> Type

Data
Tuple
  Quantified = :0
  Kind = :0


Roles
Tuple = [Representational, Representational]
