---
source: tests-integration/tests/checking2/generated.rs
assertion_line: 28
expression: report
---
Terms
unsafeCoerce :: forall (a :: Type) (b :: Type). (a :: Type) -> (b :: Type)
merge ::
  forall (r1 :: Row Type) (r2 :: Row Type) (r3 :: Row Type) (r4 :: Row Type).
    Union @Type (r1 :: Row Type) (r2 :: Row Type) (r3 :: Row Type) =>
    Nub @Type (r3 :: Row Type) (r4 :: Row Type) =>
    {| (r1 :: Row Type) } -> {| (r2 :: Row Type) } -> {| (r4 :: Row Type) }
a ::
  forall (t7 :: Row Type) (t6 :: Row Type).
    Nub @Type ( a :: Int | (t7 :: Row Type) ) (t6 :: Row Type) =>
    {| (t7 :: Row Type) } -> {| (t6 :: Row Type) }
b :: { a :: Int, b :: Int }
fromUnion ::
  forall (r1 :: Row Type) (r2 :: Row Type) (r3 :: Row Type).
    Union @Type (r1 :: Row Type) (r2 :: Row Type) (r3 :: Row Type) => {| (r3 :: Row Type) } -> Int
test ::
  forall (t13 :: Row Type) (t12 :: Row Type) (t11 :: Row Type).
    Union @Type (t13 :: Row Type) (t12 :: Row Type) (t11 :: Row Type) =>
    {| (t11 :: Row Type) } -> Int
chainedUnion ::
  forall (r1 :: Row Type) (r2 :: Row Type) (r3 :: Row Type) (r4 :: Row Type) (r5 :: Row Type).
    Union @Type (r1 :: Row Type) (r2 :: Row Type) (r3 :: Row Type) =>
    Union @Type (r3 :: Row Type) (r4 :: Row Type) (r5 :: Row Type) =>
    {| (r1 :: Row Type) } -> {| (r5 :: Row Type) }
testChained ::
  forall (t21 :: Row Type) (t20 :: Row Type) (t19 :: Row Type).
    Union @Type (t21 :: Row Type) (t20 :: Row Type) (t19 :: Row Type) =>
    { x :: Int | (t19 :: Row Type) }
multiMerge ::
  forall (r1 :: Row Type) (r2 :: Row Type) (r3 :: Row Type) (r4 :: Row Type) (r5 :: Row Type)
    (r6 :: Row Type).
    Union @Type (r1 :: Row Type) (r2 :: Row Type) (r3 :: Row Type) =>
    Nub @Type (r3 :: Row Type) (r4 :: Row Type) =>
    Union @Type (r4 :: Row Type) (r5 :: Row Type) (r6 :: Row Type) =>
    {| (r1 :: Row Type) } -> {| (r5 :: Row Type) } -> {| (r6 :: Row Type) }
testMulti1 ::
  forall (t31 :: Row Type) (t30 :: Row Type) (t29 :: Row Type) (t28 :: Row Type).
    Union @Type (t31 :: Row Type) (t30 :: Row Type) (t29 :: Row Type) =>
    Nub @Type ( a :: Int | (t28 :: Row Type) ) (t31 :: Row Type) =>
    {| (t30 :: Row Type) } -> {| (t29 :: Row Type) }
testMulti2 ::
  forall (t34 :: Row Type) (t33 :: Row Type) (t32 :: Row Type).
    Nub @Type ( a :: Int | (t34 :: Row Type) ) (t33 :: Row Type) =>
    Union @Type (t33 :: Row Type) ( b :: Int ) (t32 :: Row Type) =>
    {| (t32 :: Row Type) }

Types
