---
source: tests-integration/tests/checking/generated.rs
expression: report
---
Terms
Tuple :: forall (a :: Type) (b :: Type). a -> b -> Tuple a b
pure :: forall (a :: Type) (b :: Type). a -> b
map :: forall (a :: Type) (b :: Type). (a -> b) -> a -> b
apply :: forall (a :: Type) (b :: Type). (a -> b) -> a -> b
test :: Tuple Int String
test' :: Tuple Int String

Types
Tuple :: Type -> Type -> Type

Data
Tuple
  Quantified = :0
  Kind = :0


Roles
Tuple = [Representational, Representational]
