---
source: tests-integration/tests/checking/generated.rs
expression: report
---
Terms
convert ::
  forall (a :: Type) (b :: Type). Convert (a :: Type) (b :: Type) => (a :: Type) -> (b :: Type)
useGiven :: forall (x :: Type). Convert Int (x :: Type) => (x :: Type)
relate ::
  forall (a :: Type) (b :: Type) (c :: Type).
    Relate (a :: Type) (b :: Type) (c :: Type) => (a :: Type) -> (b :: Type) -> (c :: Type)
useRelate :: forall (y :: Type). Relate Int String (y :: Type) => (y :: Type)

Types
Convert :: Type -> Type -> Constraint
Relate :: Type -> Type -> Type -> Constraint

Classes
class Convert (&0 :: Type) (&1 :: Type)
class Relate (&0 :: Type) (&1 :: Type) (&2 :: Type)
