---
source: tests-integration/tests/checking/generated.rs
assertion_line: 28
expression: report
---
Terms
pair ::
  forall (a :: Type) (b :: Type).
    Pair (a :: Type) (b :: Type) =>
    (a :: Type) -> (b :: Type) -> { a :: (a :: Type), b :: (b :: Type) }

Types
Pair :: Type -> Type -> Constraint

Classes
class Pair (&0 :: Type) (&1 :: Type)

Instances
instance Pair (Int :: Type) (String :: Type)
  chain: 0
instance Pair (Int :: Type)
  chain: 0

Diagnostics
error[InstanceHeadMismatch] at 140..191: Instance head mismatch: expected 2 arguments, got 1
