---
source: tests-integration/tests/checking/generated.rs
assertion_line: 28
expression: report
---
Terms
identity ::
  forall (k :: Type) (@a :: (k :: Type) -> (k :: Type) -> Type) (t :: (k :: Type)).
    Category @(k :: Type) (a :: (k :: Type) -> (k :: Type) -> Type) =>
    (a :: (k :: Type) -> (k :: Type) -> Type) (t :: (k :: Type)) (t :: (k :: Type))
test :: Function Int Int
test' :: Int -> Int

Types
Category :: forall (k :: Type). ((k :: Type) -> (k :: Type) -> Type) -> Constraint

Classes
class forall (k :: Type) (a :: (k :: Type) -> (k :: Type) -> Type). Category @(k :: Type) (a :: (k :: Type) -> (k :: Type) -> Type)
  identity ::
  forall (k :: Type) (@a :: (k :: Type) -> (k :: Type) -> Type) (t :: (k :: Type)).
    Category @(k :: Type) (a :: (k :: Type) -> (k :: Type) -> Type) =>
    (a :: (k :: Type) -> (k :: Type) -> Type) (t :: (k :: Type)) (t :: (k :: Type))

Instances
instance Category @Type Function
